adaasn1rtl.adb:391:4:getbytes	4	static
adaasn1rtl.adb:450:4:getlengthinbytesofsintaux	4	static
adaasn1rtl.adb:346:4:to_uint	32	dynamic,bounded
adaasn1rtl.adb:477:4:getlengthinbytesofsint	32	dynamic,bounded
adaasn1rtl.adb:1465:5:getintegerdigits	384	dynamic,bounded
adaasn1rtl.adb:314:4:bitstream_decode_non_negative_integer	96	dynamic,bounded
adaasn1rtl.adb:696:4:dec_uint	112	dynamic,bounded
adaasn1rtl.adb:81:4:to_int	32	dynamic,bounded
adaasn1rtl.adb:726:4:dec_int	128	dynamic,bounded
adaasn1rtl.ads:16:9:bitarrayip	4	static
adaasn1rtl.ads:21:9:octetbufferip	4	static
adaasn1rtl.ads:90:9:decode_paramsip	4	static
adaasn1rtl.ads:95:9:asn1_resultip	4	static
adaasn1rtl.ads:103:9:test_case_resultip	4	static
adaasn1rtl.adb:30:4:asn1real_equal	4	static
adaasn1rtl.adb:43:4:asn1boolean_equal	4	static
adaasn1rtl.adb:47:4:asn1int_equal	4	static
adaasn1rtl.adb:51:4:asn1nulltype_equal	4	static
adaasn1rtl.adb:58:4:getstringsize	64	dynamic,bounded
adaasn1rtl.adb:68:4:stringcontainschar	64	dynamic,bounded
adaasn1rtl.adb:99:4:plus_infinity	4	static
adaasn1rtl.adb:105:4:minus_infinity	4	static
adaasn1rtl.adb:111:4:requiresreverse	4	static
adaasn1rtl.adb:148:4:bitstream_appendbit	48	dynamic,bounded
adaasn1rtl.adb:158:4:bitstream_readbit	64	dynamic,bounded
adaasn1rtl.adb:173:4:bitstream_appendbyte	80	dynamic,bounded
adaasn1rtl.adb:416:4:enc_uint	80	dynamic,bounded
adaasn1rtl.adb:199:4:bitstream_decodebyte	80	dynamic,bounded
adaasn1rtl.adb:223:4:bitstream_appendpartialbyte	96	dynamic,bounded
adaasn1rtl.adb:254:4:bitstream_readnibble	80	dynamic,bounded
adaasn1rtl.adb:278:4:bitstream_encode_non_negative_integer	80	dynamic,bounded
adaasn1rtl.adb:550:4:uper_enc_constraintwholenumber	96	dynamic,bounded
adaasn1rtl.adb:563:4:uper_enc_constraintposwholenumber	80	dynamic,bounded
adaasn1rtl.adb:576:4:uper_dec_constraintwholenumber	112	dynamic,bounded
adaasn1rtl.adb:606:4:uper_dec_constraintposwholenumber	112	dynamic,bounded
adaasn1rtl.adb:636:4:uper_dec_constraintwholenumberint	128	dynamic,bounded
adaasn1rtl.adb:658:4:uper_enc_semiconstraintwholenumber	96	dynamic,bounded
adaasn1rtl.adb:677:4:uper_enc_semiconstraintposwholenumber	80	dynamic,bounded
adaasn1rtl.adb:762:4:uper_dec_semiconstraintwholenumber	176	dynamic,bounded
adaasn1rtl.adb:793:4:uper_dec_semiconstraintposwholenumber	160	dynamic,bounded
adaasn1rtl.adb:824:4:uper_enc_unconstraintwholenumber	80	dynamic,bounded
adaasn1rtl.adb:839:4:uper_dec_unconstraintwholenumber	144	dynamic,bounded
adaasn1rtl.adb:856:4:uper_dec_unconstraintwholenumbermax	128	dynamic,bounded
adaasn1rtl.adb:876:4:uper_enc_boolean	48	dynamic,bounded
adaasn1rtl.adb:892:4:uper_dec_boolean	96	dynamic,bounded
adaasn1rtl.adb:904:4:getexponent	32	dynamic,bounded
adaasn1rtl.adb:911:4:getmantissa	48	dynamic,bounded
adaasn1rtl.adb:918:4:uper_enc_real	96	dynamic,bounded
adaasn1rtl.adb:1086:4:uper_dec_real	224	dynamic,bounded
adaasn1rtl.adb:1134:4:getzerobasedcharindex	64	dynamic,bounded
adaasn1rtl.adb:1154:4:characterpos	4	static
adaasn1rtl.adb:1166:4:acn_enc_int_positiveinteger_constsize	80	dynamic,bounded
adaasn1rtl.adb:1176:4:acn_enc_int_positiveinteger_constsize_8	80	dynamic,bounded
adaasn1rtl.adb:1185:4:acn_enc_int_positiveinteger_constsize_big_endian_16	80	dynamic,bounded
adaasn1rtl.adb:1194:4:acn_enc_int_positiveinteger_constsize_big_endian_32	80	dynamic,bounded
adaasn1rtl.adb:1203:4:acn_enc_int_positiveinteger_constsize_big_endian_64	80	dynamic,bounded
adaasn1rtl.adb:1212:4:acn_enc_int_positiveinteger_constsize_little_endian_16	80	dynamic,bounded
adaasn1rtl.adb:1233:4:acn_enc_int_positiveinteger_constsize_little_endian_32	96	dynamic,bounded
adaasn1rtl.adb:1254:4:acn_enc_int_positiveinteger_constsize_little_endian_64	128	dynamic,bounded
adaasn1rtl.adb:1275:4:acn_enc_int_positiveinteger_varsize_lengthembedded	80	dynamic,bounded
adaasn1rtl.adb:1284:4:acn_enc_int_twoscomplement_constsize	112	dynamic,bounded
adaasn1rtl.adb:1294:4:acn_enc_int_twoscomplement_constsize_8	80	dynamic,bounded
adaasn1rtl.adb:1303:4:acn_enc_int_twoscomplement_constsize_big_endian_16	80	dynamic,bounded
adaasn1rtl.adb:1312:4:acn_enc_int_twoscomplement_constsize_big_endian_32	80	dynamic,bounded
adaasn1rtl.adb:1321:4:acn_enc_int_twoscomplement_constsize_big_endian_64	80	dynamic,bounded
adaasn1rtl.adb:1330:4:acn_enc_int_twoscomplement_constsize_little_endian_16	96	dynamic,bounded
adaasn1rtl.adb:1352:4:acn_enc_int_twoscomplement_constsize_little_endian_32	112	dynamic,bounded
adaasn1rtl.adb:1374:4:acn_enc_int_twoscomplement_constsize_little_endian_64	112	dynamic,bounded
adaasn1rtl.adb:1395:4:acn_enc_int_twoscomplement_varsize_lengthembedded	80	dynamic,bounded
adaasn1rtl.adb:1404:4:acn_enc_int_bcd_constsize	288	dynamic,bounded
adaasn1rtl.adb:1428:4:acn_enc_int_bcd_varsize_lengthembedded	32	dynamic,bounded
adaasn1rtl.adb:1438:4:acn_enc_int_bcd_varsize_nullterminated	304	dynamic,bounded
adaasn1rtl.adb:1488:4:acn_enc_int_ascii_varsize_lengthembedded	192	dynamic,bounded
adaasn1rtl.adb:1516:4:acn_enc_uint_ascii_varsize_lengthembedded	192	dynamic,bounded
adaasn1rtl.adb:1535:4:acn_enc_int_ascii_varsize_nullterminated	208	dynamic,bounded
adaasn1rtl.adb:1564:4:acn_enc_uint_ascii_varsize_nullterminated	208	dynamic,bounded
adaasn1rtl.adb:1585:4:acn_dec_int_positiveinteger_constsize	128	dynamic,bounded
adaasn1rtl.adb:1617:4:acn_dec_int_positiveinteger_constsize_8	144	dynamic,bounded
adaasn1rtl.adb:1636:4:acn_dec_int_positiveinteger_constsize_big_endian_16	144	dynamic,bounded
adaasn1rtl.adb:1655:4:acn_dec_int_positiveinteger_constsize_big_endian_32	144	dynamic,bounded
adaasn1rtl.adb:1674:4:acn_dec_int_positiveinteger_constsize_big_endian_64	144	dynamic,bounded
adaasn1rtl.adb:1693:4:acn_dec_int_positiveinteger_constsize_little_endian_16	144	dynamic,bounded
adaasn1rtl.adb:1734:4:acn_dec_int_positiveinteger_constsize_little_endian_32	144	dynamic,bounded
adaasn1rtl.adb:1775:4:acn_dec_int_positiveinteger_constsize_little_endian_64	160	dynamic,bounded
adaasn1rtl.adb:1816:4:acn_dec_int_positiveinteger_varsize_lengthembedded	160	dynamic,bounded
adaasn1rtl.adb:1848:4:acn_dec_int_twoscomplement_constsize	128	dynamic,bounded
adaasn1rtl.adb:1879:4:acn_dec_int_twoscomplement_constsize_8	144	dynamic,bounded
adaasn1rtl.adb:1898:4:acn_dec_int_twoscomplement_constsize_big_endian_16	144	dynamic,bounded
adaasn1rtl.adb:1917:4:acn_dec_int_twoscomplement_constsize_big_endian_32	144	dynamic,bounded
adaasn1rtl.adb:1936:4:acn_dec_int_twoscomplement_constsize_big_endian_64	144	dynamic,bounded
adaasn1rtl.adb:1955:4:acn_dec_int_twoscomplement_constsize_little_endian_16	128	dynamic,bounded
adaasn1rtl.adb:1996:4:acn_dec_int_twoscomplement_constsize_little_endian_32	144	dynamic,bounded
adaasn1rtl.adb:2037:4:acn_dec_int_twoscomplement_constsize_little_endian_64	160	dynamic,bounded
adaasn1rtl.adb:2078:4:uint16_to_octetarray2	4	static
adaasn1rtl.adb:2089:4:octetarray2_to_uint16	4	static
adaasn1rtl.adb:2100:4:uint32_to_octetarray4	4	static
adaasn1rtl.adb:2111:4:octetarray4_to_uint32	4	static
adaasn1rtl.adb:2122:4:asn1uint_to_octetarray8	4	static
adaasn1rtl.adb:2129:4:octetarray8_to_asn1uint	4	static
adaasn1rtl.adb:2136:4:int16_to_octetarray2	4	static
adaasn1rtl.adb:2147:4:octetarray2_to_int16	4	static
adaasn1rtl.adb:2158:4:int32_to_octetarray4	4	static
adaasn1rtl.adb:2169:4:octetarray4_to_int32	4	static
adaasn1rtl.adb:2180:4:asn1int_to_octetarray8	4	static
adaasn1rtl.adb:2187:4:octetarray8_to_asn1int	4	static
adaasn1rtl.adb:2194:4:float_to_octetarray4	4	static
adaasn1rtl.adb:2201:4:long_float_to_octetarray8	4	static
adaasn1rtl.adb:2208:4:octetarray4_to_float	4	static
adaasn1rtl.adb:2215:4:octetarray8_to_long_float	4	static
adaasn1rtl.adb:2222:4:acn_dec_int_twoscomplement_varsize_lengthembedded	112	dynamic,bounded
adaasn1rtl.adb:2233:4:acn_dec_int_bcd_constsize	144	dynamic,bounded
adaasn1rtl.adb:2272:4:acn_dec_int_bcd_varsize_lengthembedded	64	dynamic,bounded
adaasn1rtl.adb:2283:4:acn_dec_int_bcd_varsize_nullterminated	144	dynamic,bounded
adaasn1rtl.adb:2326:4:acn_enc_int_ascii_constsize	320	dynamic,bounded
adaasn1rtl.adb:2360:4:acn_enc_uint_ascii_constsize	304	dynamic,bounded
adaasn1rtl.adb:2386:4:acn_dec_int_ascii_constsize	144	dynamic,bounded
adaasn1rtl.adb:2446:4:acn_dec_uint_ascii_constsize	144	dynamic,bounded
adaasn1rtl.adb:2485:4:acn_dec_int_ascii_varsize_lengthembedded	64	dynamic,bounded
adaasn1rtl.adb:2496:4:acn_dec_uint_ascii_varsize_lengthembedded	64	dynamic,bounded
adaasn1rtl.adb:2545:4:acn_dec_uint_ascii_varsize_nullterminated	128	dynamic,bounded
adaasn1rtl.adb:2507:4:acn_dec_int_ascii_varsize_nullterminated	144	dynamic,bounded
adaasn1rtl.adb:2587:4:acn_enc_real_ieee754_32_big_endian	96	dynamic,bounded
adaasn1rtl.adb:2608:4:acn_dec_real_ieee754_32_big_endian	128	dynamic,bounded
adaasn1rtl.adb:2640:4:acn_enc_real_ieee754_64_big_endian	112	dynamic,bounded
adaasn1rtl.adb:2661:4:acn_dec_real_ieee754_64_big_endian	144	dynamic,bounded
adaasn1rtl.adb:2693:4:acn_enc_real_ieee754_32_little_endian	96	dynamic,bounded
adaasn1rtl.adb:2714:4:acn_dec_real_ieee754_32_little_endian	128	dynamic,bounded
adaasn1rtl.adb:2746:4:acn_enc_real_ieee754_64_little_endian	112	dynamic,bounded
adaasn1rtl.adb:2767:4:acn_dec_real_ieee754_64_little_endian	144	dynamic,bounded
adaasn1rtl.adb:2799:4:acn_enc_boolean_true_pattern	80	dynamic,bounded
adaasn1rtl.adb:2824:4:acn_dec_boolean_true_pattern	112	dynamic,bounded
adaasn1rtl.adb:2849:4:acn_enc_boolean_false_pattern	80	dynamic,bounded
adaasn1rtl.adb:2874:4:acn_dec_boolean_false_pattern	128	dynamic,bounded
adaasn1rtl.adb:2891:4:acn_enc_nulltype_pattern	80	dynamic,bounded
adaasn1rtl.adb:2916:4:acn_dec_nulltype_pattern	112	dynamic,bounded
adaasn1rtl.adb:2947:4:acn_enc_nulltype_pattern2	80	dynamic,bounded
adaasn1rtl.adb:2964:4:acn_dec_nulltype_pattern2	112	dynamic,bounded
adaasn1rtl.adb:2990:4:acn_enc_nulltype	32	dynamic,bounded
adaasn1rtl.adb:3004:4:acn_dec_nulltype	64	dynamic,bounded
adaasn1rtl.adb:3023:4:acn_enc_string_ascii_fixsize	96	dynamic,bounded
adaasn1rtl.adb:3044:4:acn_dec_string_ascii_fixsize	128	dynamic,bounded
adaasn1rtl.adb:3072:4:acn_enc_string_ascii_null_teminated	80	dynamic,bounded
adaasn1rtl.adb:3095:4:acn_dec_string_ascii_null_teminated	128	dynamic,bounded
adaasn1rtl.adb:3136:4:acn_enc_string_ascii_internal_field_determinant	80	dynamic,bounded
adaasn1rtl.adb:3165:4:acn_dec_string_ascii_internal_field_determinant	144	dynamic,bounded
adaasn1rtl.adb:3211:4:acn_enc_string_ascii_external_field_determinant	80	dynamic,bounded
adaasn1rtl.adb:3233:4:acn_dec_string_ascii_external_field_determinant	128	dynamic,bounded
adaasn1rtl.adb:3272:4:acn_enc_string_charindex_fixsize	80	dynamic,bounded
adaasn1rtl.adb:3298:4:acn_dec_string_charindex_fixsize	144	dynamic,bounded
adaasn1rtl.adb:3330:4:acn_enc_string_charindex_external_field_determinant	80	dynamic,bounded
adaasn1rtl.adb:3355:4:acn_dec_string_charindex_external_field_determinant	144	dynamic,bounded
adaasn1rtl.adb:3395:4:acn_enc_string_charindex_internal_field_determinant	96	dynamic,bounded
adaasn1rtl.adb:3428:4:acn_dec_string_charindex_internal_field_determinant	160	dynamic,bounded
adaasn1rtl.adb:3476:4:milbus_encode	8	static
adaasn1rtl.adb:3487:4:milbus_decode	8	static
