polyorb_hi-thread_interrogators.adb:153:49:WAIT_EVENT_B90B	4	static
polyorb_hi-thread_interrogators.adb:84:14:GLOBAL_QUEUETF	4	static
polyorb_hi-thread_interrogators.adb:84:4:F99B	64	dynamic,bounded
polyorb_hi-background_task.adb:47:4:The_Background_Task	48	dynamic,bounded
polyorb_hi-periodic_task.adb:119:4:Next_Deadline	4	static
polyorb_hi-background_task.adb:84:4:Next_Deadline	16	static
polyorb_hi-periodic_task.ads:63:19:Activate_Entrypoint	4	static
polyorb_hi-periodic_task.ads:67:19:Recover_Entrypoint	4	static
polyorb_hi-periodic_task.ads:73:4:The_Periodic_Tasktkvip	96	dynamic,bounded
polyorb_hi-background_task.ads:51:19:Activate_Entrypoint	4	static
polyorb_hi-background_task.ads:55:19:Recover_Entrypoint	4	static
polyorb_hi-background_task.ads:61:4:The_Background_Tasktkvip	96	dynamic,bounded
polyorb_hi_generated-activity.ads:25:3:Ground_Cv_Thread_Ground_Ground_Others_Interfaced2	4	static
polyorb_hi_generated-activity.ads:25:8:Ground_Cv_Thread_Ground_Ground_Others_Interfaceeq	12	static
polyorb_hi_generated-activity.ads:25:8:Ground_Cv_Thread_Ground_Ground_Others_Interfaceip	4	static
polyorb_hi-unprotected_queue.adb:43:4:Read_Eventxnb	8	static
polyorb_hi-thread_interrogators.adb:153:7:WAIT_EVENT_E89B	64	dynamic,bounded
polyorb_hi-unprotected_queue.adb:199:4:Read_Outxnb	8	static
polyorb_hi-unprotected_queue.adb:217:4:Is_Invalidxnb	4	static
polyorb_hi-unprotected_queue.adb:226:4:Set_Invalidxnb	32	dynamic,bounded
polyorb_hi-unprotected_queue.adb:241:4:Store_Inxnb	80	dynamic
polyorb_hi-unprotected_queue.adb:545:4:Store_Outxnb	80	dynamic
polyorb_hi-unprotected_queue.adb:580:4:Countxnb	32	dynamic,bounded
polyorb_hi-unprotected_queue.adb:653:4:Get_Most_Recent_Valuexnb	64	dynamic,bounded
polyorb_hi-unprotected_queue.adb:147:4:Read_Inxnb	48	dynamic,bounded
polyorb_hi-unprotected_queue.adb:66:4:Dequeuexnb	80	dynamic,bounded
polyorb_hi-unprotected_queue.adb:791:4:Set_Most_Recent_Valuexnb	4	static
polyorb_hi-unprotected_queue.adb:929:4:Get_Time_Stampxnb	4	static
polyorb_hi-unprotected_queue.adb:944:4:H_Increment_Firstxnb	4	static
polyorb_hi-unprotected_queue.adb:964:4:H_Increment_Lastxnb	4	static
polyorb_hi-unprotected_queue.ads:124:9:Port_Stream_Entryipxnb	4	static
polyorb_hi-unprotected_queue.ads:146:4:Tbig_Port_Stream_Arraybipxnb	4	static
polyorb_hi-unprotected_queue.ads:154:4:Tport_Index_Arraybipxnb	4	static
polyorb_hi-unprotected_queue.ads:164:4:Tboolean_Arraybipxnb	4	static
polyorb_hi-unprotected_queue.ads:148:4:Tbig_Port_Type_Arraybipxnb	4	static
polyorb_hi-unprotected_queue.ads:139:4:Tport_Stream_Arraybipxnb	4	static
polyorb_hi-unprotected_queue.ads:165:4:Ttime_Arraybipxnb	4	static
polyorb_hi-thread_interrogators.adb:84:4:GLOBAL_QUEUETVDI	4	static
polyorb_hi-thread_interrogators.adb:84:4:GLOBAL_QUEUETVDF	64	dynamic,bounded
polyorb_hi-thread_interrogators.adb:84:4:GLOBAL_QUEUETVFD	32	dynamic,bounded
polyorb_hi-thread_interrogators.adb:84:4:GLOBAL_QUEUETVIP	96	dynamic,bounded
polyorb_hi-thread_interrogators.adb:87:7:P85BIP	4	static
polyorb_hi-thread_interrogators.adb:170:7:READ_EVENTN	48	dynamic,bounded
polyorb_hi-thread_interrogators.adb:170:7:READ_EVENTP	80	dynamic,bounded
polyorb_hi-thread_interrogators.adb:179:7:DEQUEUEN	32	dynamic,bounded
polyorb_hi-thread_interrogators.adb:179:7:DEQUEUEP	64	dynamic,bounded
polyorb_hi-thread_interrogators.adb:188:7:READ_INN	32	dynamic,bounded
polyorb_hi-thread_interrogators.adb:188:7:READ_INP	64	dynamic,bounded
polyorb_hi-thread_interrogators.adb:197:7:READ_OUTN	32	dynamic,bounded
polyorb_hi-thread_interrogators.adb:197:7:READ_OUTP	48	dynamic,bounded
polyorb_hi-thread_interrogators.adb:206:7:IS_INVALIDN	4	static
polyorb_hi-thread_interrogators.adb:206:7:IS_INVALIDP	32	dynamic,bounded
polyorb_hi-thread_interrogators.adb:215:7:SET_INVALIDN	32	dynamic,bounded
polyorb_hi-thread_interrogators.adb:215:7:SET_INVALIDP	64	dynamic,bounded
polyorb_hi-thread_interrogators.adb:224:7:STORE_INN	32	dynamic,bounded
polyorb_hi-thread_interrogators.adb:224:7:STORE_INP	64	dynamic,bounded
polyorb_hi-thread_interrogators.adb:233:7:STORE_OUTN	32	dynamic,bounded
polyorb_hi-thread_interrogators.adb:233:7:STORE_OUTP	64	dynamic,bounded
polyorb_hi-thread_interrogators.adb:242:7:COUNTN	32	dynamic,bounded
polyorb_hi-thread_interrogators.adb:242:7:COUNTP	64	dynamic,bounded
polyorb_hi-thread_interrogators.adb:251:7:GET_TIME_STAMPN	4	static
polyorb_hi-thread_interrogators.adb:251:7:GET_TIME_STAMPP	48	dynamic,bounded
polyorb_hi-thread_interrogators.adb:262:4:SEND_OUTPUT	144	dynamic
polyorb_hi-thread_interrogators.adb:350:4:PUT_VALUE	320	dynamic,bounded
polyorb_hi-thread_interrogators.adb:364:4:RECEIVE_INPUT	4	static
polyorb_hi-thread_interrogators.adb:374:4:GET_VALUE	128	dynamic
polyorb_hi-thread_interrogators.adb:389:4:GET_SENDER	64	dynamic,bounded
polyorb_hi-thread_interrogators.adb:405:4:GET_COUNT	32	dynamic,bounded
polyorb_hi-thread_interrogators.adb:421:4:NEXT_VALUE	64	dynamic,bounded
polyorb_hi-thread_interrogators.adb:436:4:WAIT_FOR_INCOMING_EVENTS	64	dynamic,bounded
polyorb_hi-thread_interrogators.adb:454:4:GET_NEXT_EVENT	48	dynamic,bounded
polyorb_hi-thread_interrogators.adb:482:4:STORE_RECEIVED_MESSAGE	320	dynamic,bounded
polyorb_hi-thread_interrogators.adb:500:4:GET_TIME_STAMP	32	dynamic,bounded
polyorb_hi_generated-activity.adb:27:3:Tground_Cv_Thread_Ground_Ground_Others_Port_Kind_Arraybip	4	static
polyorb_hi_generated-activity.adb:38:3:Tground_Cv_Thread_Ground_Ground_Others_Port_Image_Arraybip	4	static
polyorb_hi_generated-activity.adb:23:3:Tground_Cv_Thread_Ground_Ground_Others_Integer_Arraybip	4	static
polyorb_hi_generated-activity.adb:46:3:Tground_Cv_Thread_Ground_Ground_Others_Overflow_Protocol_Arraybip	4	static
polyorb_hi_generated-activity.adb:80:8:Ut_Activity_X86_Partition_Ground_Outport_Start_Demo_Destinations_Arrayip	4	static
polyorb_hi_generated-activity.adb:42:3:Tground_Cv_Thread_Ground_Ground_Others_Address_Arraybip	4	static
polyorb_hi_generated-activity.adb:127:3:Send_Output	32	dynamic,bounded
polyorb_hi_generated-activity.adb:144:3:Put_Value	32	dynamic,bounded
polyorb_hi_generated-activity.adb:160:3:Process_Package_Ground_Job	32	dynamic,bounded
polyorb_hi-periodic_task.adb:51:4:The_Periodic_Task	64	dynamic,bounded
polyorb_hi_generated-activity.adb:183:3:Client_Ble_Receiver_Job	16	static
polyorb_hi_generated-activity.adb:18:1:Activity	96	dynamic,bounded
polyorb_hi_generated-activity.ads:18:1:Activity	112	dynamic,bounded
