/home/taste/test1/binary/led_control/led_control/adaasn1rtl.adb:391:4:getbytes	0	static
/home/taste/test1/binary/led_control/led_control/adaasn1rtl.adb:450:4:getlengthinbytesofsintaux	0	static
/home/taste/test1/binary/led_control/led_control/adaasn1rtl.adb:346:4:to_uint	8	static
/home/taste/test1/binary/led_control/led_control/adaasn1rtl.adb:477:4:getlengthinbytesofsint	8	static
/home/taste/test1/binary/led_control/led_control/adaasn1rtl.adb:314:4:bitstream_decode_non_negative_integer	32	static
/home/taste/test1/binary/led_control/led_control/adaasn1rtl.adb:696:4:dec_uint	80	static
/home/taste/test1/binary/led_control/led_control/adaasn1rtl.adb:81:4:to_int	8	static
/home/taste/test1/binary/led_control/led_control/adaasn1rtl.adb:726:4:dec_int	80	static
/home/taste/test1/binary/led_control/led_control/adaasn1rtl.adb:1465:5:getintegerdigits	232	static
/home/taste/test1/binary/led_control/led_control/adaasn1rtl.ads:16:9:bitarrayip	0	static
/home/taste/test1/binary/led_control/led_control/adaasn1rtl.ads:21:9:octetbufferip	0	static
/home/taste/test1/binary/led_control/led_control/adaasn1rtl.ads:90:9:decode_paramsip	0	static
/home/taste/test1/binary/led_control/led_control/adaasn1rtl.ads:95:9:asn1_resultip	0	static
/home/taste/test1/binary/led_control/led_control/adaasn1rtl.ads:103:9:test_case_resultip	0	static
/home/taste/test1/binary/led_control/led_control/adaasn1rtl.adb:30:4:asn1real_equal	24	static
/home/taste/test1/binary/led_control/led_control/adaasn1rtl.adb:43:4:asn1boolean_equal	0	static
/home/taste/test1/binary/led_control/led_control/adaasn1rtl.adb:47:4:asn1int_equal	0	static
/home/taste/test1/binary/led_control/led_control/adaasn1rtl.adb:51:4:asn1nulltype_equal	0	static
/home/taste/test1/binary/led_control/led_control/adaasn1rtl.adb:58:4:getstringsize	16	static
/home/taste/test1/binary/led_control/led_control/adaasn1rtl.adb:68:4:stringcontainschar	24	static
/home/taste/test1/binary/led_control/led_control/adaasn1rtl.adb:99:4:plus_infinity	0	static
/home/taste/test1/binary/led_control/led_control/adaasn1rtl.adb:105:4:minus_infinity	0	static
/home/taste/test1/binary/led_control/led_control/adaasn1rtl.adb:111:4:requiresreverse	0	static
/home/taste/test1/binary/led_control/led_control/adaasn1rtl.adb:148:4:bitstream_appendbit	16	static
/home/taste/test1/binary/led_control/led_control/adaasn1rtl.adb:158:4:bitstream_readbit	16	static
/home/taste/test1/binary/led_control/led_control/adaasn1rtl.adb:173:4:bitstream_appendbyte	32	static
/home/taste/test1/binary/led_control/led_control/adaasn1rtl.adb:416:4:enc_uint	56	static
/home/taste/test1/binary/led_control/led_control/adaasn1rtl.adb:199:4:bitstream_decodebyte	24	static
/home/taste/test1/binary/led_control/led_control/adaasn1rtl.adb:223:4:bitstream_appendpartialbyte	48	static
/home/taste/test1/binary/led_control/led_control/adaasn1rtl.adb:254:4:bitstream_readnibble	24	static
/home/taste/test1/binary/led_control/led_control/adaasn1rtl.adb:278:4:bitstream_encode_non_negative_integer	32	static
/home/taste/test1/binary/led_control/led_control/adaasn1rtl.adb:550:4:uper_enc_constraintwholenumber	48	static
/home/taste/test1/binary/led_control/led_control/adaasn1rtl.adb:563:4:uper_enc_constraintposwholenumber	48	static
/home/taste/test1/binary/led_control/led_control/adaasn1rtl.adb:576:4:uper_dec_constraintwholenumber	64	static
/home/taste/test1/binary/led_control/led_control/adaasn1rtl.adb:606:4:uper_dec_constraintposwholenumber	56	static
/home/taste/test1/binary/led_control/led_control/adaasn1rtl.adb:636:4:uper_dec_constraintwholenumberint	64	static
/home/taste/test1/binary/led_control/led_control/adaasn1rtl.adb:658:4:uper_enc_semiconstraintwholenumber	56	static
/home/taste/test1/binary/led_control/led_control/adaasn1rtl.adb:677:4:uper_enc_semiconstraintposwholenumber	48	static
/home/taste/test1/binary/led_control/led_control/adaasn1rtl.adb:762:4:uper_dec_semiconstraintwholenumber	96	static
/home/taste/test1/binary/led_control/led_control/adaasn1rtl.adb:793:4:uper_dec_semiconstraintposwholenumber	96	static
/home/taste/test1/binary/led_control/led_control/adaasn1rtl.adb:824:4:uper_enc_unconstraintwholenumber	48	static
/home/taste/test1/binary/led_control/led_control/adaasn1rtl.adb:839:4:uper_dec_unconstraintwholenumber	88	static
/home/taste/test1/binary/led_control/led_control/adaasn1rtl.adb:856:4:uper_dec_unconstraintwholenumbermax	48	static
/home/taste/test1/binary/led_control/led_control/adaasn1rtl.adb:876:4:uper_enc_boolean	16	static
/home/taste/test1/binary/led_control/led_control/adaasn1rtl.adb:892:4:uper_dec_boolean	16	static
/home/taste/test1/binary/led_control/led_control/adaasn1rtl.adb:904:4:getexponent	8	static
/home/taste/test1/binary/led_control/led_control/adaasn1rtl.adb:911:4:getmantissa	16	static
/home/taste/test1/binary/led_control/led_control/adaasn1rtl.adb:918:4:uper_enc_real	72	static
/home/taste/test1/binary/led_control/led_control/adaasn1rtl.adb:1086:4:uper_dec_real	112	static
/home/taste/test1/binary/led_control/led_control/adaasn1rtl.adb:1134:4:getzerobasedcharindex	24	static
/home/taste/test1/binary/led_control/led_control/adaasn1rtl.adb:1154:4:characterpos	0	static
/home/taste/test1/binary/led_control/led_control/adaasn1rtl.adb:1166:4:acn_enc_int_positiveinteger_constsize	72	static
/home/taste/test1/binary/led_control/led_control/adaasn1rtl.adb:1176:4:acn_enc_int_positiveinteger_constsize_8	56	static
/home/taste/test1/binary/led_control/led_control/adaasn1rtl.adb:1185:4:acn_enc_int_positiveinteger_constsize_big_endian_16	56	static
/home/taste/test1/binary/led_control/led_control/adaasn1rtl.adb:1194:4:acn_enc_int_positiveinteger_constsize_big_endian_32	56	static
/home/taste/test1/binary/led_control/led_control/adaasn1rtl.adb:1203:4:acn_enc_int_positiveinteger_constsize_big_endian_64	48	static
/home/taste/test1/binary/led_control/led_control/adaasn1rtl.adb:1212:4:acn_enc_int_positiveinteger_constsize_little_endian_16	56	static
/home/taste/test1/binary/led_control/led_control/adaasn1rtl.adb:1233:4:acn_enc_int_positiveinteger_constsize_little_endian_32	56	static
/home/taste/test1/binary/led_control/led_control/adaasn1rtl.adb:1254:4:acn_enc_int_positiveinteger_constsize_little_endian_64	64	static
/home/taste/test1/binary/led_control/led_control/adaasn1rtl.adb:1275:4:acn_enc_int_positiveinteger_varsize_lengthembedded	32	static
/home/taste/test1/binary/led_control/led_control/adaasn1rtl.adb:1284:4:acn_enc_int_twoscomplement_constsize	56	static
/home/taste/test1/binary/led_control/led_control/adaasn1rtl.adb:1294:4:acn_enc_int_twoscomplement_constsize_8	40	static
/home/taste/test1/binary/led_control/led_control/adaasn1rtl.adb:1303:4:acn_enc_int_twoscomplement_constsize_big_endian_16	40	static
/home/taste/test1/binary/led_control/led_control/adaasn1rtl.adb:1312:4:acn_enc_int_twoscomplement_constsize_big_endian_32	40	static
/home/taste/test1/binary/led_control/led_control/adaasn1rtl.adb:1321:4:acn_enc_int_twoscomplement_constsize_big_endian_64	40	static
/home/taste/test1/binary/led_control/led_control/adaasn1rtl.adb:1330:4:acn_enc_int_twoscomplement_constsize_little_endian_16	56	static
/home/taste/test1/binary/led_control/led_control/adaasn1rtl.adb:1352:4:acn_enc_int_twoscomplement_constsize_little_endian_32	64	static
/home/taste/test1/binary/led_control/led_control/adaasn1rtl.adb:1374:4:acn_enc_int_twoscomplement_constsize_little_endian_64	72	static
/home/taste/test1/binary/led_control/led_control/adaasn1rtl.adb:1395:4:acn_enc_int_twoscomplement_varsize_lengthembedded	24	static
/home/taste/test1/binary/led_control/led_control/adaasn1rtl.adb:1404:4:acn_enc_int_bcd_constsize	160	static
/home/taste/test1/binary/led_control/led_control/adaasn1rtl.adb:1428:4:acn_enc_int_bcd_varsize_lengthembedded	8	static
/home/taste/test1/binary/led_control/led_control/adaasn1rtl.adb:1438:4:acn_enc_int_bcd_varsize_nullterminated	160	static
/home/taste/test1/binary/led_control/led_control/adaasn1rtl.adb:1488:4:acn_enc_int_ascii_varsize_lengthembedded	152	static
/home/taste/test1/binary/led_control/led_control/adaasn1rtl.adb:1516:4:acn_enc_uint_ascii_varsize_lengthembedded	152	static
/home/taste/test1/binary/led_control/led_control/adaasn1rtl.adb:1535:4:acn_enc_int_ascii_varsize_nullterminated	160	static
/home/taste/test1/binary/led_control/led_control/adaasn1rtl.adb:1564:4:acn_enc_uint_ascii_varsize_nullterminated	152	static
/home/taste/test1/binary/led_control/led_control/adaasn1rtl.adb:1585:4:acn_dec_int_positiveinteger_constsize	64	static
/home/taste/test1/binary/led_control/led_control/adaasn1rtl.adb:1617:4:acn_dec_int_positiveinteger_constsize_8	56	static
/home/taste/test1/binary/led_control/led_control/adaasn1rtl.adb:1636:4:acn_dec_int_positiveinteger_constsize_big_endian_16	56	static
/home/taste/test1/binary/led_control/led_control/adaasn1rtl.adb:1655:4:acn_dec_int_positiveinteger_constsize_big_endian_32	56	static
/home/taste/test1/binary/led_control/led_control/adaasn1rtl.adb:1674:4:acn_dec_int_positiveinteger_constsize_big_endian_64	56	static
/home/taste/test1/binary/led_control/led_control/adaasn1rtl.adb:1693:4:acn_dec_int_positiveinteger_constsize_little_endian_16	48	static
/home/taste/test1/binary/led_control/led_control/adaasn1rtl.adb:1734:4:acn_dec_int_positiveinteger_constsize_little_endian_32	40	static
/home/taste/test1/binary/led_control/led_control/adaasn1rtl.adb:1775:4:acn_dec_int_positiveinteger_constsize_little_endian_64	40	static
/home/taste/test1/binary/led_control/led_control/adaasn1rtl.adb:1816:4:acn_dec_int_positiveinteger_varsize_lengthembedded	88	static
/home/taste/test1/binary/led_control/led_control/adaasn1rtl.adb:1848:4:acn_dec_int_twoscomplement_constsize	64	static
/home/taste/test1/binary/led_control/led_control/adaasn1rtl.adb:1879:4:acn_dec_int_twoscomplement_constsize_8	64	static
/home/taste/test1/binary/led_control/led_control/adaasn1rtl.adb:1898:4:acn_dec_int_twoscomplement_constsize_big_endian_16	64	static
/home/taste/test1/binary/led_control/led_control/adaasn1rtl.adb:1917:4:acn_dec_int_twoscomplement_constsize_big_endian_32	64	static
/home/taste/test1/binary/led_control/led_control/adaasn1rtl.adb:1936:4:acn_dec_int_twoscomplement_constsize_big_endian_64	40	static
/home/taste/test1/binary/led_control/led_control/adaasn1rtl.adb:1955:4:acn_dec_int_twoscomplement_constsize_little_endian_16	48	static
/home/taste/test1/binary/led_control/led_control/adaasn1rtl.adb:1996:4:acn_dec_int_twoscomplement_constsize_little_endian_32	40	static
/home/taste/test1/binary/led_control/led_control/adaasn1rtl.adb:2037:4:acn_dec_int_twoscomplement_constsize_little_endian_64	40	static
/home/taste/test1/binary/led_control/led_control/adaasn1rtl.adb:2078:4:uint16_to_octetarray2	16	static
/home/taste/test1/binary/led_control/led_control/adaasn1rtl.adb:2089:4:octetarray2_to_uint16	8	static
/home/taste/test1/binary/led_control/led_control/adaasn1rtl.adb:2100:4:uint32_to_octetarray4	16	static
/home/taste/test1/binary/led_control/led_control/adaasn1rtl.adb:2111:4:octetarray4_to_uint32	8	static
/home/taste/test1/binary/led_control/led_control/adaasn1rtl.adb:2122:4:asn1uint_to_octetarray8	16	static
/home/taste/test1/binary/led_control/led_control/adaasn1rtl.adb:2129:4:octetarray8_to_asn1uint	8	static
/home/taste/test1/binary/led_control/led_control/adaasn1rtl.adb:2136:4:int16_to_octetarray2	16	static
/home/taste/test1/binary/led_control/led_control/adaasn1rtl.adb:2147:4:octetarray2_to_int16	8	static
/home/taste/test1/binary/led_control/led_control/adaasn1rtl.adb:2158:4:int32_to_octetarray4	16	static
/home/taste/test1/binary/led_control/led_control/adaasn1rtl.adb:2169:4:octetarray4_to_int32	8	static
/home/taste/test1/binary/led_control/led_control/adaasn1rtl.adb:2180:4:asn1int_to_octetarray8	16	static
/home/taste/test1/binary/led_control/led_control/adaasn1rtl.adb:2187:4:octetarray8_to_asn1int	8	static
/home/taste/test1/binary/led_control/led_control/adaasn1rtl.adb:2194:4:float_to_octetarray4	16	static
/home/taste/test1/binary/led_control/led_control/adaasn1rtl.adb:2201:4:long_float_to_octetarray8	8	static
/home/taste/test1/binary/led_control/led_control/adaasn1rtl.adb:2208:4:octetarray4_to_float	8	static
/home/taste/test1/binary/led_control/led_control/adaasn1rtl.adb:2215:4:octetarray8_to_long_float	8	static
/home/taste/test1/binary/led_control/led_control/adaasn1rtl.adb:2222:4:acn_dec_int_twoscomplement_varsize_lengthembedded	40	static
/home/taste/test1/binary/led_control/led_control/adaasn1rtl.adb:2233:4:acn_dec_int_bcd_constsize	56	static
/home/taste/test1/binary/led_control/led_control/adaasn1rtl.adb:2272:4:acn_dec_int_bcd_varsize_lengthembedded	8	static
/home/taste/test1/binary/led_control/led_control/adaasn1rtl.adb:2283:4:acn_dec_int_bcd_varsize_nullterminated	64	static
/home/taste/test1/binary/led_control/led_control/adaasn1rtl.adb:2326:4:acn_enc_int_ascii_constsize	160	static
/home/taste/test1/binary/led_control/led_control/adaasn1rtl.adb:2360:4:acn_enc_uint_ascii_constsize	160	static
/home/taste/test1/binary/led_control/led_control/adaasn1rtl.adb:2386:4:acn_dec_int_ascii_constsize	56	static
/home/taste/test1/binary/led_control/led_control/adaasn1rtl.adb:2446:4:acn_dec_uint_ascii_constsize	48	static
/home/taste/test1/binary/led_control/led_control/adaasn1rtl.adb:2485:4:acn_dec_int_ascii_varsize_lengthembedded	8	static
/home/taste/test1/binary/led_control/led_control/adaasn1rtl.adb:2496:4:acn_dec_uint_ascii_varsize_lengthembedded	8	static
/home/taste/test1/binary/led_control/led_control/adaasn1rtl.adb:2545:4:acn_dec_uint_ascii_varsize_nullterminated	56	static
/home/taste/test1/binary/led_control/led_control/adaasn1rtl.adb:2507:4:acn_dec_int_ascii_varsize_nullterminated	56	static
/home/taste/test1/binary/led_control/led_control/adaasn1rtl.adb:2587:4:acn_enc_real_ieee754_32_big_endian	56	static
/home/taste/test1/binary/led_control/led_control/adaasn1rtl.adb:2608:4:acn_dec_real_ieee754_32_big_endian	40	static
/home/taste/test1/binary/led_control/led_control/adaasn1rtl.adb:2640:4:acn_enc_real_ieee754_64_big_endian	64	static
/home/taste/test1/binary/led_control/led_control/adaasn1rtl.adb:2661:4:acn_dec_real_ieee754_64_big_endian	40	static
/home/taste/test1/binary/led_control/led_control/adaasn1rtl.adb:2693:4:acn_enc_real_ieee754_32_little_endian	56	static
/home/taste/test1/binary/led_control/led_control/adaasn1rtl.adb:2714:4:acn_dec_real_ieee754_32_little_endian	40	static
/home/taste/test1/binary/led_control/led_control/adaasn1rtl.adb:2746:4:acn_enc_real_ieee754_64_little_endian	64	static
/home/taste/test1/binary/led_control/led_control/adaasn1rtl.adb:2767:4:acn_dec_real_ieee754_64_little_endian	40	static
/home/taste/test1/binary/led_control/led_control/adaasn1rtl.adb:2799:4:acn_enc_boolean_true_pattern	48	static
/home/taste/test1/binary/led_control/led_control/adaasn1rtl.adb:2824:4:acn_dec_boolean_true_pattern	56	static
/home/taste/test1/binary/led_control/led_control/adaasn1rtl.adb:2849:4:acn_enc_boolean_false_pattern	48	static
/home/taste/test1/binary/led_control/led_control/adaasn1rtl.adb:2874:4:acn_dec_boolean_false_pattern	40	static
/home/taste/test1/binary/led_control/led_control/adaasn1rtl.adb:2891:4:acn_enc_nulltype_pattern	48	static
/home/taste/test1/binary/led_control/led_control/adaasn1rtl.adb:2916:4:acn_dec_nulltype_pattern	56	static
/home/taste/test1/binary/led_control/led_control/adaasn1rtl.adb:2947:4:acn_enc_nulltype_pattern2	48	static
/home/taste/test1/binary/led_control/led_control/adaasn1rtl.adb:2964:4:acn_dec_nulltype_pattern2	56	static
/home/taste/test1/binary/led_control/led_control/adaasn1rtl.adb:2990:4:acn_enc_nulltype	8	static
/home/taste/test1/binary/led_control/led_control/adaasn1rtl.adb:3004:4:acn_dec_nulltype	16	static
/home/taste/test1/binary/led_control/led_control/adaasn1rtl.adb:3023:4:acn_enc_string_ascii_fixsize	80	static
/home/taste/test1/binary/led_control/led_control/adaasn1rtl.adb:3044:4:acn_dec_string_ascii_fixsize	88	static
/home/taste/test1/binary/led_control/led_control/adaasn1rtl.adb:3072:4:acn_enc_string_ascii_null_teminated	80	static
/home/taste/test1/binary/led_control/led_control/adaasn1rtl.adb:3095:4:acn_dec_string_ascii_null_teminated	88	static
/home/taste/test1/binary/led_control/led_control/adaasn1rtl.adb:3136:4:acn_enc_string_ascii_internal_field_determinant	72	static
/home/taste/test1/binary/led_control/led_control/adaasn1rtl.adb:3165:4:acn_dec_string_ascii_internal_field_determinant	96	static
/home/taste/test1/binary/led_control/led_control/adaasn1rtl.adb:3211:4:acn_enc_string_ascii_external_field_determinant	72	static
/home/taste/test1/binary/led_control/led_control/adaasn1rtl.adb:3233:4:acn_dec_string_ascii_external_field_determinant	88	static
/home/taste/test1/binary/led_control/led_control/adaasn1rtl.adb:3272:4:acn_enc_string_charindex_fixsize	88	static
/home/taste/test1/binary/led_control/led_control/adaasn1rtl.adb:3298:4:acn_dec_string_charindex_fixsize	96	static
/home/taste/test1/binary/led_control/led_control/adaasn1rtl.adb:3330:4:acn_enc_string_charindex_external_field_determinant	80	static
/home/taste/test1/binary/led_control/led_control/adaasn1rtl.adb:3355:4:acn_dec_string_charindex_external_field_determinant	96	static
/home/taste/test1/binary/led_control/led_control/adaasn1rtl.adb:3395:4:acn_enc_string_charindex_internal_field_determinant	88	static
/home/taste/test1/binary/led_control/led_control/adaasn1rtl.adb:3428:4:acn_dec_string_charindex_internal_field_determinant	104	static
/home/taste/test1/binary/led_control/led_control/adaasn1rtl.adb:3476:4:milbus_encode	0	static
/home/taste/test1/binary/led_control/led_control/adaasn1rtl.adb:3487:4:milbus_decode	0	static
