/home/taste/test1/Certyflie/crazyflie_support/src/crtp.adb:128:4:CRTP_GET_FLOAT_DATA	32	static
/home/taste/test1/Certyflie/crazyflie_support/src/crtp.adb:128:4:CRTP_GET_T_UINT16_DATA	24	static
/home/taste/test1/Certyflie/src/commander.ads:51:9:Commander_Crtp_Valuesip	0	static
/home/taste/test1/Certyflie/src/commander.ads:140:4:Ttarget_Valbip	20	static
/home/taste/test1/Certyflie/src/commander.adb:51:4:Commander_Watchdog_Reset	8	static
/home/taste/test1/Certyflie/src/commander.adb:62:4:Commander_Get_Inactivity_Time	8	static
/home/taste/test1/Certyflie/src/commander.adb:73:4:Commander_Watchdog	24	static
/home/taste/test1/Certyflie/src/commander.adb:107:4:Commander_Init	8	static
/home/taste/test1/Certyflie/src/commander.adb:126:4:Commander_Test	0	static
/home/taste/test1/Certyflie/src/commander.adb:135:4:Get_Commands_From_Packet	136	static
/home/taste/test1/Certyflie/src/commander.adb:159:4:Commander_Crtp_Handler	32	static
/home/taste/test1/Certyflie/src/commander.adb:175:4:Commander_Get_Rpy	12	static
/home/taste/test1/Certyflie/src/commander.adb:194:4:Commander_Get_Rpy_Type	0	static
/home/taste/test1/Certyflie/src/commander.adb:208:4:Commander_Get_Thrust	8	static
/home/taste/test1/Certyflie/src/commander.adb:226:4:Commander_Get_Alt_Hold	4	static
/home/taste/test1/Certyflie/src/commander.ads:36:1:Commander	8	static
