/home/taste/test1/Certyflie/src/pid.adb:40:4:Pid_Init	0	static
/home/taste/test1/Certyflie/src/pid.adb:70:4:Pid_Reset	0	static
/home/taste/test1/Certyflie/src/pid.adb:82:4:Pid_Update	8	static
/home/taste/test1/Certyflie/src/pid.adb:116:4:Pid_Get_Output	0	static
/home/taste/test1/Certyflie/src/pid.adb:123:4:Pid_Is_Active	0	static
/home/taste/test1/Certyflie/src/pid.adb:138:4:Pid_Set_Desired	72	static
/home/taste/test1/Certyflie/src/pid.adb:149:4:Pid_Get_Desired	0	static
/home/taste/test1/Certyflie/src/pid.adb:156:4:Pid_Set_Error	72	static
/home/taste/test1/Certyflie/src/pid.adb:167:4:Pid_Set_Kp	72	static
/home/taste/test1/Certyflie/src/pid.adb:178:4:Pid_Set_Ki	72	static
/home/taste/test1/Certyflie/src/pid.adb:189:4:Pid_Set_Kd	72	static
/home/taste/test1/Certyflie/src/pid.adb:200:4:Pid_Set_I_Limit_Low	72	static
/home/taste/test1/Certyflie/src/pid.adb:211:4:Pid_Set_I_Limit_High	72	static
/home/taste/test1/Certyflie/src/pid.adb:222:4:Pid_Set_Dt	72	static
/home/taste/test1/Certyflie/src/pid.adb:40:4:Pid_Init	0	static
/home/taste/test1/Certyflie/src/pid.adb:70:4:Pid_Reset	0	static
/home/taste/test1/Certyflie/src/pid.adb:82:4:Pid_Update	8	static
/home/taste/test1/Certyflie/src/pid.adb:116:4:Pid_Get_Output	0	static
/home/taste/test1/Certyflie/src/pid.adb:123:4:Pid_Is_Active	0	static
/home/taste/test1/Certyflie/src/pid.adb:138:4:Pid_Set_Desired	72	static
/home/taste/test1/Certyflie/src/pid.adb:149:4:Pid_Get_Desired	0	static
/home/taste/test1/Certyflie/src/pid.adb:156:4:Pid_Set_Error	72	static
/home/taste/test1/Certyflie/src/pid.adb:167:4:Pid_Set_Kp	72	static
/home/taste/test1/Certyflie/src/pid.adb:178:4:Pid_Set_Ki	72	static
/home/taste/test1/Certyflie/src/pid.adb:189:4:Pid_Set_Kd	72	static
/home/taste/test1/Certyflie/src/pid.adb:200:4:Pid_Set_I_Limit_Low	72	static
/home/taste/test1/Certyflie/src/pid.adb:211:4:Pid_Set_I_Limit_High	72	static
/home/taste/test1/Certyflie/src/pid.adb:222:4:Pid_Set_Dt	72	static
/home/taste/test1/Certyflie/src/pid.ads:57:9:Pid_Objectip	0	static
/home/taste/test1/Certyflie/src/pid.ads:57:9:Pid_Objectip	0	static
/home/taste/test1/Certyflie/src/controller.adb:48:4:Controller_Init	16	static
/home/taste/test1/Certyflie/src/controller.adb:89:4:Controller_Test	0	static
/home/taste/test1/Certyflie/src/controller.adb:98:4:Controller_Correct_Rate_Pid	40	static
/home/taste/test1/Certyflie/src/controller.adb:119:4:Controller_Correct_Attitude_Pid	40	static
/home/taste/test1/Certyflie/src/controller.adb:150:4:Controller_Reset_All_Pid	0	static
/home/taste/test1/Certyflie/src/controller.adb:164:4:Controller_Get_Actuator_Output	16	static
/home/taste/test1/Certyflie/src/controller.adb:181:4:Controller_Get_Desired_Rate	0	static
