/home/taste/test1/Certyflie/crazyflie_support/src/generic_queue.adb:143:37:Await_Item_To_Dequeue_B48s	0	static
/home/taste/test1/Certyflie/crazyflie_support/src/generic_queue.ads:66:19:Protected_Queuef	0	static
/home/taste/test1/Certyflie/crazyflie_support/src/crtp.adb:46:4:CRTP_TX_TASK_TYPET	64	static
/home/taste/test1/Certyflie/crazyflie_support/src/generic_queue.adb:36:4:Enqueue	24	static
/home/taste/test1/Certyflie/crazyflie_support/src/generic_queue.adb:57:4:Dequeue	16	static
/home/taste/test1/Certyflie/crazyflie_support/src/generic_queue.adb:142:7:Await_Item_To_Dequeue_E47s	16	static
/home/taste/test1/Certyflie/crazyflie_support/src/generic_queue.adb:77:4:Reset	0	static
/home/taste/test1/Certyflie/crazyflie_support/src/generic_queue.adb:86:4:Is_Empty	0	static
/home/taste/test1/Certyflie/crazyflie_support/src/generic_queue.adb:95:4:Is_Full	0	static
/home/taste/test1/Certyflie/crazyflie_support/src/generic_queue.adb:110:7:Enqueue_Itemn	8	static
/home/taste/test1/Certyflie/crazyflie_support/src/generic_queue.adb:110:7:Enqueue_Itemp	16	static
/home/taste/test1/Certyflie/crazyflie_support/src/crtp.adb:63:4:CRTP_RX_TASK_TYPET	48	static
/home/taste/test1/Certyflie/crazyflie_support/src/generic_queue.adb:124:7:Dequeue_Itemn	8	static
/home/taste/test1/Certyflie/crazyflie_support/src/generic_queue.adb:124:7:Dequeue_Itemp	16	static
/home/taste/test1/Certyflie/crazyflie_support/src/generic_queue.adb:137:7:Reset_Queuen	0	static
/home/taste/test1/Certyflie/crazyflie_support/src/generic_queue.adb:137:7:Reset_Queuep	16	static
/home/taste/test1/Certyflie/crazyflie_support/src/crtp.ads:56:9:CRTP_PORTRP	8	static
/home/taste/test1/Certyflie/crazyflie_support/src/crtp.ads:81:4:TCRTP_RAWBIP	0	static
/home/taste/test1/Certyflie/crazyflie_support/src/crtp.ads:88:9:CRTP_PACKETEQ	8	static
/home/taste/test1/Certyflie/crazyflie_support/src/crtp.ads:88:9:CRTP_PACKETIP	0	static
/home/taste/test1/Certyflie/crazyflie_support/src/generic_queue.ads:96:9:Element_Arrayip	0	static
/home/taste/test1/Certyflie/crazyflie_support/src/generic_queue.ads:99:9:T_Queueip	0	static
/home/taste/test1/Certyflie/crazyflie_support/src/generic_queue.ads:66:4:Protected_Queuevip	40	static
/home/taste/test1/Certyflie/crazyflie_support/src/generic_queue.ads:80:7:P41sip	0	static
/home/taste/test1/Certyflie/crazyflie_support/src/crtp.ads:218:4:TPORT_QUEUESBIP	64	static
/home/taste/test1/Certyflie/crazyflie_support/src/crtp.ads:200:4:CRTP_PACKET_HANDLEREQ	8	static
/home/taste/test1/Certyflie/crazyflie_support/src/crtp.ads:200:9:CRTP_PACKET_HANDLERIP	0	static
/home/taste/test1/Certyflie/crazyflie_support/src/crtp.ads:186:4:CRTP_TX_TASK_TYPEVIP	64	static
/home/taste/test1/Certyflie/crazyflie_support/src/crtp.ads:192:4:CRTP_RX_TASK_TYPEVIP	64	static
/home/taste/test1/Certyflie/crazyflie_support/src/crtp.adb:82:4:CRTP_CREATE_PACKET	4	static
/home/taste/test1/Certyflie/crazyflie_support/src/crtp.adb:103:4:CRTP_GET_HANDLER_FROM_PACKET	16	static
/home/taste/test1/Certyflie/crazyflie_support/src/crtp.adb:118:4:CRTP_GET_PACKET_FROM_HANDLER	8	static
/home/taste/test1/Certyflie/crazyflie_support/src/crtp.adb:192:4:CRTP_RESET_HANDLER	8	static
/home/taste/test1/Certyflie/crazyflie_support/src/crtp.adb:203:4:CRTP_GET_PACKET_SIZE	0	static
/home/taste/test1/Certyflie/crazyflie_support/src/crtp.adb:213:4:CRTP_RECEIVE_PACKET_BLOCKING	24	static
/home/taste/test1/Certyflie/crazyflie_support/src/crtp.adb:225:4:CRTP_SEND_PACKET	8	static
/home/taste/test1/Certyflie/crazyflie_support/src/crtp.adb:239:4:CRTP_REGISTER_CALLBACK	8	static
/home/taste/test1/Certyflie/crazyflie_support/src/crtp.adb:250:4:CRTP_UNREGISTER_CALLBACK	8	static
/home/taste/test1/Certyflie/crazyflie_support/src/crtp.adb:259:4:CRTP_RESET	8	static
/home/taste/test1/Certyflie/crazyflie_support/src/crtp.adb:269:4:CRTP_SET_IS_CONNECTED	8	static
/home/taste/test1/Certyflie/crazyflie_support/src/crtp.adb:279:4:CRTP_IS_CONNECTED	0	static
/home/taste/test1/Certyflie/crazyflie_support/src/crtp.adb:37:1:CRTP	0	static
/home/taste/test1/Certyflie/crazyflie_support/src/crtp.ads:36:1:CRTP	64	static
