/home/taste/test1/Certyflie/crazyflie_support/src/imu.ads:164:9:AXIS3_T_INT16IP	0	static
/home/taste/test1/Certyflie/crazyflie_support/src/imu.ads:170:9:AXIS3_T_INT32IP	0	static
/home/taste/test1/Certyflie/crazyflie_support/src/imu.ads:176:9:AXIS3_FLOATIP	48	static
/home/taste/test1/Certyflie/crazyflie_support/src/imu.ads:207:4:TBIAS_BUFFER_ARRAYBIP	12	static
/home/taste/test1/Certyflie/crazyflie_support/src/imu.ads:211:9:BIAS_OBJECTIP	0	static
/home/taste/test1/Certyflie/crazyflie_support/src/imu.ads:57:9:T_ACC_ARRAYIP	0	static
/home/taste/test1/Certyflie/crazyflie_support/src/imu.ads:69:9:GYROSCOPE_DATAIP	48	static
/home/taste/test1/Certyflie/crazyflie_support/src/imu.ads:77:9:ACCELEROMETER_DATAIP	48	static
/home/taste/test1/Certyflie/crazyflie_support/src/imu.ads:85:9:MAGNETOMETER_DATAIP	48	static
/home/taste/test1/Certyflie/crazyflie_support/src/imu.ads:182:4:+	56	static
/home/taste/test1/Certyflie/crazyflie_support/src/imu.ads:187:4:+	48	static
/home/taste/test1/Certyflie/crazyflie_support/src/imu.ads:192:4:**	72	static
/home/taste/test1/Certyflie/crazyflie_support/src/imu.ads:197:4:-	48	static
/home/taste/test1/Certyflie/crazyflie_support/src/imu.ads:202:4:/	48	static
/home/taste/test1/Certyflie/crazyflie_support/src/imu.adb:63:4:IMU_INIT	32	static
/home/taste/test1/Certyflie/crazyflie_support/src/imu.adb:133:4:IMU_TEST	8	static
/home/taste/test1/Certyflie/crazyflie_support/src/imu.adb:255:4:IMU_HAS_BAROMETER	0	static
/home/taste/test1/Certyflie/crazyflie_support/src/imu.adb:328:4:IMU_ADD_BIAS_VALUE	8	static
/home/taste/test1/Certyflie/crazyflie_support/src/imu.adb:379:4:IMU_CALCULATE_VARIANCE_AND_MEAN	88	static
/home/taste/test1/Certyflie/crazyflie_support/src/imu.adb:346:4:IMU_FIND_BIAS_VALUE	80	static
/home/taste/test1/Certyflie/crazyflie_support/src/imu.adb:202:4:IMU_6_CALIBRATE	48	static
/home/taste/test1/Certyflie/crazyflie_support/src/imu.adb:406:4:IMU_ACC_IRR_LP_FILTER	48	static
/home/taste/test1/Certyflie/crazyflie_support/src/imu.adb:433:4:IMU_ACC_ALIGN_TO_GRAVITY	48	static
/home/taste/test1/Certyflie/crazyflie_support/src/imu.adb:264:4:IMU_6_READ	64	static
/home/taste/test1/Certyflie/crazyflie_support/src/imu.adb:159:4:IMU_6_MANUFACTURING_TEST	96	static
/home/taste/test1/Certyflie/crazyflie_support/src/imu.adb:298:4:IMU_9_READ	112	static
/home/taste/test1/Certyflie/crazyflie_support/src/imu.ads:37:1:IMU	8	static
