/home/taste/test1/Certyflie/crazyflie_support/src/leds.ads:110:9:LEDS	0	static
/home/taste/test1/Certyflie/crazyflie_support/src/leds.ads:110:9:LED_ANIMATIONDF	0	static
/home/taste/test1/Certyflie/crazyflie_support/src/leds.ads:153:9:LEDS	0	static
/home/taste/test1/Certyflie/crazyflie_support/src/leds.ads:153:9:FLASHERDF	0	static
/home/taste/test1/Certyflie/crazyflie_support/src/leds.adb:254:7:TURN_OFF_THE_LEDP	16	static
/home/taste/test1/Certyflie/crazyflie_support/src/leds.adb:237:4:SET	40	static
/home/taste/test1/Certyflie/crazyflie_support/src/leds.adb:93:4:ACTIVATE_ANIMATION	40	static
/home/taste/test1/Certyflie/crazyflie_support/src/leds.ads:110:9:LED_ANIMATIONIP	24	static
/home/taste/test1/Certyflie/crazyflie_support/src/leds.ads:110:9:TLED_ANIMATIONCFD	8	static
/home/taste/test1/Certyflie/crazyflie_support/src/leds.ads:140:4:LED_STATUS_EVENT_HANDLERTVIP	8	static
/home/taste/test1/Certyflie/crazyflie_support/src/leds.ads:153:9:FLASHERIP	0	static
/home/taste/test1/Certyflie/crazyflie_support/src/leds.ads:98:9:TFLASHERCFD	8	static
/home/taste/test1/Certyflie/crazyflie_support/src/leds.ads:35:1:FINALIZE_SPEC	8	static
/home/taste/test1/Certyflie/crazyflie_support/src/leds.adb:39:4:LEDS_INIT	8	static
/home/taste/test1/Certyflie/crazyflie_support/src/leds.adb:49:4:LEDS_TEST	0	static
/home/taste/test1/Certyflie/crazyflie_support/src/leds.adb:58:4:SET_LED	8	static
/home/taste/test1/Certyflie/crazyflie_support/src/leds.adb:72:14:RESET_ALL_LEDS	8	static
/home/taste/test1/Certyflie/crazyflie_support/src/leds.adb:109:4:SET_SYSTEM_STATE	16	static
/home/taste/test1/Certyflie/crazyflie_support/src/leds.adb:137:4:SET_LINK_STATE	8	static
/home/taste/test1/Certyflie/crazyflie_support/src/leds.adb:155:4:SET_BATTERY_STATE	16	static
/home/taste/test1/Certyflie/crazyflie_support/src/leds.adb:174:4:SET_BATTERY_LEVEL	8	static
/home/taste/test1/Certyflie/crazyflie_support/src/leds.adb:185:4:GET_SYSTEM_STATE	0	static
/home/taste/test1/Certyflie/crazyflie_support/src/leds.adb:191:4:GET_BATTERY_STATE	0	static
/home/taste/test1/Certyflie/crazyflie_support/src/leds.adb:199:7:TOGGLE_LED_STATUSN	40	static
/home/taste/test1/Certyflie/crazyflie_support/src/leds.adb:199:7:TOGGLE_LED_STATUSP	16	static
/home/taste/test1/Certyflie/crazyflie_support/src/leds.adb:228:4:FLASHER_HANDLERTVIP	8	static
/home/taste/test1/Certyflie/crazyflie_support/src/leds.adb:30:1:LEDS	8	static
/home/taste/test1/Certyflie/crazyflie_support/src/leds.ads:35:1:LEDS	40	static
