/home/taste/test1/Certyflie/crazyflie_support/src/generic_vectors.adb:34:4:Length	0	static
/home/taste/test1/Certyflie/crazyflie_support/src/generic_vectors.adb:34:4:Length	0	static
/home/taste/test1/Certyflie/crazyflie_support/src/generic_vectors.adb:34:4:Length	0	static
/home/taste/test1/Certyflie/crazyflie_support/src/generic_vectors.adb:34:4:Length	0	static
/usr/gnat/arm-eabi/lib/gnat/ravenscar-full-stm32f4/gnat/a-cbhama.adb:170:4:Capacity	0	static
/usr/gnat/arm-eabi/lib/gnat/ravenscar-full-stm32f4/gnat/a-cbhama.adb:705:4:Is_Empty	0	static
/usr/gnat/arm-eabi/lib/gnat/ravenscar-full-stm32f4/gnat/a-cbhama.adb:772:4:Length	0	static
/home/taste/test1/Certyflie/crazyflie_support/src/generic_vectors.ads:66:9:Log_Variables	0	static
/home/taste/test1/Certyflie/crazyflie_support/src/generic_vectors.ads:66:9:Vectorda	0	static
/home/taste/test1/Certyflie/crazyflie_support/src/generic_vectors.ads:66:9:Vectordf	0	static
/home/taste/test1/Certyflie/crazyflie_support/src/generic_vectors.ads:66:9:Group_Variables	0	static
/home/taste/test1/Certyflie/crazyflie_support/src/generic_vectors.ads:66:9:Vectorda	0	static
/home/taste/test1/Certyflie/crazyflie_support/src/generic_vectors.ads:66:9:Vectordf	0	static
/home/taste/test1/Certyflie/crazyflie_support/src/generic_vectors.ads:66:9:Log_Groups	0	static
/home/taste/test1/Certyflie/crazyflie_support/src/generic_vectors.ads:66:9:Vectorda	0	static
/home/taste/test1/Certyflie/crazyflie_support/src/generic_vectors.ads:66:9:Vectordf	0	static
/home/taste/test1/Certyflie/crazyflie_support/src/generic_vectors.ads:66:9:Log_Operations	0	static
/home/taste/test1/Certyflie/crazyflie_support/src/generic_vectors.ads:66:4:=	16	static
/home/taste/test1/Certyflie/crazyflie_support/src/generic_vectors.ads:66:9:Vectorda	0	static
/home/taste/test1/Certyflie/crazyflie_support/src/generic_vectors.ads:66:9:Vectordf	0	static
/usr/gnat/arm-eabi/lib/gnat/ravenscar-full-stm32f4/gnat/a-conhel.ads:84:12:Implementation	0	static
/usr/gnat/arm-eabi/lib/gnat/ravenscar-full-stm32f4/gnat/a-conhel.ads:136:12:Implementation	0	static
/usr/gnat/arm-eabi/lib/gnat/ravenscar-full-stm32f4/gnat/a-conhel.ads:142:12:Implementation	0	static
/usr/gnat/arm-eabi/lib/gnat/ravenscar-full-stm32f4/gnat/a-cohata.ads:68:12:Ht_Types	0	static
/usr/gnat/arm-eabi/lib/gnat/ravenscar-full-stm32f4/gnat/a-cohata.ads:68:12:Hash_Table_Typeda	0	static
/usr/gnat/arm-eabi/lib/gnat/ravenscar-full-stm32f4/gnat/a-cohata.ads:68:12:Hash_Table_Typedf	0	static
/usr/gnat/arm-eabi/lib/gnat/ravenscar-full-stm32f4/gnat/a-cbhama.ads:339:9:Log_Block_Maps	0	static
/usr/gnat/arm-eabi/lib/gnat/ravenscar-full-stm32f4/gnat/a-cbhama.ads:339:9:Mapda	0	static
/usr/gnat/arm-eabi/lib/gnat/ravenscar-full-stm32f4/gnat/a-cbhama.ads:339:9:Mapdf	0	static
/usr/gnat/arm-eabi/lib/gnat/ravenscar-full-stm32f4/gnat/a-cbhama.ads:453:9:Log_Block_Maps	0	static
/home/taste/test1/Certyflie/crazyflie_support/src/log.adb:203:9:Log	0	static
/home/taste/test1/Certyflie/crazyflie_support/src/log.adb:203:9:Log_Block_Timing_Eventdf	0	static
/home/taste/test1/Certyflie/crazyflie_support/src/log.adb:976:54:Get_Block_To_Run_B1430b	0	static
/home/taste/test1/Certyflie/crazyflie_support/src/log.adb:233:14:Log_Block_Timing_Event_Handlertf	0	static
/usr/gnat/arm-eabi/lib/gnat/ravenscar-full-stm32f4/gnat/a-conhel.adb:91:7:Initialize	0	static
/usr/gnat/arm-eabi/lib/gnat/ravenscar-full-stm32f4/gnat/a-conhel.adb:38:7:Adjust	0	static
/usr/gnat/arm-eabi/lib/gnat/ravenscar-full-stm32f4/gnat/a-conhel.adb:99:7:Initialize	0	static
/usr/gnat/arm-eabi/lib/gnat/ravenscar-full-stm32f4/gnat/a-cbhama.adb:1081:4:Reserve_Capacity	8	static
/usr/gnat/arm-eabi/lib/gnat/ravenscar-full-stm32f4/gnat/a-conhel.adb:71:7:Finalize	0	static
/usr/gnat/arm-eabi/lib/gnat/ravenscar-full-stm32f4/gnat/a-conhel.ads:136:12:With_Busydf	8	static
/usr/gnat/arm-eabi/lib/gnat/ravenscar-full-stm32f4/gnat/a-cbhama.adb:457:4:Finalize	0	static
/usr/gnat/arm-eabi/lib/gnat/ravenscar-full-stm32f4/gnat/a-cbhama.ads:453:9:Iteratorfd	8	static
/usr/gnat/arm-eabi/lib/gnat/ravenscar-full-stm32f4/gnat/a-cbhama.ads:453:9:Iteratordf	8	static
/usr/gnat/arm-eabi/lib/gnat/ravenscar-full-stm32f4/gnat/a-conhel.adb:60:7:Finalize	4	static
/usr/gnat/arm-eabi/lib/gnat/ravenscar-full-stm32f4/gnat/a-conhel.adb:79:7:Finalize	0	static
/usr/gnat/arm-eabi/lib/gnat/ravenscar-full-stm32f4/gnat/a-conhel.ads:142:12:With_Lockdf	8	static
/home/taste/test1/Certyflie/crazyflie_support/src/generic_vectors.adb:37:4:Append	16	static
/home/taste/test1/Certyflie/crazyflie_support/src/generic_vectors.adb:45:4:Element	16	static
/home/taste/test1/Certyflie/crazyflie_support/src/generic_vectors.adb:59:4:Act_On	24	static
/home/taste/test1/Certyflie/crazyflie_support/src/generic_vectors.adb:68:4:Act_On	8	static
/home/taste/test1/Certyflie/crazyflie_support/src/generic_vectors.adb:37:4:Append	8	static
/home/taste/test1/Certyflie/crazyflie_support/src/generic_vectors.adb:45:4:Element	8	static
/home/taste/test1/Certyflie/crazyflie_support/src/generic_vectors.adb:59:4:Act_On	24	static
/home/taste/test1/Certyflie/crazyflie_support/src/generic_vectors.adb:68:4:Act_On	8	static
/home/taste/test1/Certyflie/crazyflie_support/src/generic_vectors.adb:37:4:Append	8	static
/home/taste/test1/Certyflie/crazyflie_support/src/generic_vectors.adb:45:4:Element	8	static
/home/taste/test1/Certyflie/crazyflie_support/src/generic_vectors.adb:59:4:Act_On	24	static
/home/taste/test1/Certyflie/crazyflie_support/src/generic_vectors.adb:68:4:Act_On	8	static
/home/taste/test1/Certyflie/crazyflie_support/src/generic_vectors.adb:37:4:Append	8	static
/home/taste/test1/Certyflie/crazyflie_support/src/generic_vectors.adb:45:4:Element	8	static
/home/taste/test1/Certyflie/crazyflie_support/src/generic_vectors.adb:59:4:Act_On	24	static
/home/taste/test1/Certyflie/crazyflie_support/src/generic_vectors.adb:68:4:Act_On	8	static
/home/taste/test1/Certyflie/crazyflie_support/src/generic_vectors.adb:52:4:Element_Access	8	static
/home/taste/test1/Certyflie/crazyflie_support/src/generic_vectors.adb:52:4:Element_Access	8	static
/home/taste/test1/Certyflie/crazyflie_support/src/generic_vectors.adb:52:4:Element_Access	8	static
/home/taste/test1/Certyflie/crazyflie_support/src/generic_vectors.adb:52:4:Element_Access	8	static
/home/taste/test1/Certyflie/crazyflie_support/src/crtp.adb:159:4:CRTP_APPEND_T_UINT8_DATA	8	static
/home/taste/test1/Certyflie/crazyflie_support/src/crtp.adb:159:4:CRTP_APPEND_T_UINT8_DATA	8	static
/home/taste/test1/Certyflie/crazyflie_support/src/generic_vectors.adb:76:4:Clear	40	dynamic
/home/taste/test1/Certyflie/crazyflie_support/src/generic_vectors.adb:76:4:Clear	40	dynamic
/home/taste/test1/Certyflie/crazyflie_support/src/generic_vectors.adb:76:4:Clear	56	dynamic
/home/taste/test1/Certyflie/crazyflie_support/src/generic_vectors.adb:76:4:Clear	56	dynamic
/usr/gnat/arm-eabi/lib/gnat/ravenscar-full-stm32f4/gnat/a-chtgbk.adb:54:4:Checked_Index	8	static
/usr/gnat/arm-eabi/lib/gnat/ravenscar-full-stm32f4/gnat/a-cbhama.adb:1198:4:Write	8	static
/home/taste/test1/Certyflie/crazyflie_support/src/generic_vectors.ads:66:9:Log_Variables	16	static
/home/taste/test1/Certyflie/crazyflie_support/src/generic_vectors.ads:66:9:Group_Variables	16	static
/home/taste/test1/Certyflie/crazyflie_support/src/generic_vectors.ads:66:9:Log_Groups	16	static
/home/taste/test1/Certyflie/crazyflie_support/src/generic_vectors.ads:66:9:Log_Operations	16	static
/usr/gnat/arm-eabi/lib/gnat/ravenscar-full-stm32f4/gnat/a-cohata.ads:68:12:Ht_Types	16	static
/usr/gnat/arm-eabi/lib/gnat/ravenscar-full-stm32f4/gnat/a-cbhama.ads:339:9:Log_Block_Maps	16	static
/home/taste/test1/Certyflie/crazyflie_support/src/generic_vectors.ads:66:4:=	16	static
/usr/gnat/arm-eabi/lib/gnat/ravenscar-full-stm32f4/gnat/a-cohata.ads:68:7:=	24	static
/usr/gnat/arm-eabi/lib/gnat/ravenscar-full-stm32f4/gnat/a-conhel.ads:84:7:=	16	static
/home/taste/test1/Certyflie/crazyflie_support/src/log.adb:870:4:Append_Raw_Data_Variable_Name_To_Packet	56	dynamic
/home/taste/test1/Certyflie/crazyflie_support/src/log.adb:976:7:Get_Block_To_Run_E1429b	16	static
/usr/gnat/arm-eabi/lib/gnat/ravenscar-full-stm32f4/gnat/s-finroo.ads:40:9:T1347b	16	static
/usr/gnat/arm-eabi/lib/gnat/ravenscar-full-stm32f4/gnat/s-finroo.ads:40:9:T1344b	16	static
/usr/gnat/arm-eabi/lib/gnat/ravenscar-full-stm32f4/gnat/s-finroo.ads:40:9:T1339b	16	static
/home/taste/test1/Certyflie/crazyflie_support/src/log.adb:960:7:Log_Run_Blockp	32	static
/usr/gnat/arm-eabi/lib/gnat/ravenscar-full-stm32f4/gnat/a-conhel.ads:84:12:Reference_Control_Typeda	0	static
/usr/gnat/arm-eabi/lib/gnat/ravenscar-full-stm32f4/gnat/a-conhel.ads:84:12:Reference_Control_Typedf	4	static
/usr/gnat/arm-eabi/lib/gnat/ravenscar-full-stm32f4/gnat/a-cbhama.ads:387:9:Constant_Reference_Typeda	8	static
/usr/gnat/arm-eabi/lib/gnat/ravenscar-full-stm32f4/gnat/a-cbhama.ads:409:9:Reference_Typeda	8	static
/usr/gnat/arm-eabi/lib/gnat/ravenscar-full-stm32f4/gnat/a-cbhama.adb:714:4:Iterate	48	static
/usr/gnat/arm-eabi/lib/gnat/ravenscar-full-stm32f4/gnat/a-cbhama.ads:387:9:Constant_Reference_Typedf	8	static
/home/taste/test1/Certyflie/crazyflie_support/src/log.adb:1025:22:B1662b	16	static
/usr/gnat/arm-eabi/lib/gnat/ravenscar-full-stm32f4/gnat/a-cbhama.ads:409:9:Reference_Typedf	8	static
/usr/gnat/arm-eabi/lib/gnat/ravenscar-full-stm32f4/gnat/a-conhel.ads:84:12:Implementation	440	static
/usr/gnat/arm-eabi/lib/gnat/ravenscar-full-stm32f4/gnat/a-cbhama.adb:857:7:R2364b	8	static
/usr/gnat/arm-eabi/lib/gnat/ravenscar-full-stm32f4/gnat/a-cbhama.adb:90:4:=	40	static
/usr/gnat/arm-eabi/lib/gnat/ravenscar-full-stm32f4/gnat/a-cbhama.ads:453:9:T1350b	8	static
/usr/gnat/arm-eabi/lib/gnat/ravenscar-full-stm32f4/gnat/a-cbhama.ads:453:9:T1334b	8	static
/home/taste/test1/Certyflie/crazyflie_support/src/generic_vectors.ads:66:4:=	24	static
/home/taste/test1/Certyflie/crazyflie_support/src/generic_vectors.ads:66:4:=	32	static
/usr/gnat/arm-eabi/lib/gnat/ravenscar-full-stm32f4/gnat/a-cbhama.adb:740:4:Iterate	40	static
/home/taste/test1/Certyflie/crazyflie_support/src/log.ads:36:9:Log_Variable_Typerp	8	static
/home/taste/test1/Certyflie/crazyflie_support/src/log.ads:91:4:Loggervip	64	static
/usr/gnat/arm-eabi/lib/gnat/ravenscar-full-stm32f4/gnat/a-conhel.adb:49:7:Busy	0	static
/usr/gnat/arm-eabi/lib/gnat/ravenscar-full-stm32f4/gnat/a-conhel.adb:111:7:Lock	0	static
/usr/gnat/arm-eabi/lib/gnat/ravenscar-full-stm32f4/gnat/a-conhel.adb:123:7:Tc_Check	8	static
/usr/gnat/arm-eabi/lib/gnat/ravenscar-full-stm32f4/gnat/a-conhel.adb:142:7:Te_Check	8	static
/usr/gnat/arm-eabi/lib/gnat/ravenscar-full-stm32f4/gnat/a-conhel.adb:154:7:Unbusy	0	static
/usr/gnat/arm-eabi/lib/gnat/ravenscar-full-stm32f4/gnat/a-conhel.adb:165:7:Unlock	0	static
/usr/gnat/arm-eabi/lib/gnat/ravenscar-full-stm32f4/gnat/a-conhel.adb:177:7:Zero_Counts	8	static
/usr/gnat/arm-eabi/lib/gnat/ravenscar-full-stm32f4/gnat/a-strbou.adb:45:7:*	24	static
/usr/gnat/arm-eabi/lib/gnat/ravenscar-full-stm32f4/gnat/a-strbou.adb:53:7:*	32	static
/usr/gnat/arm-eabi/lib/gnat/ravenscar-full-stm32f4/gnat/a-strbou.adb:65:7:From_String	24	static
/usr/gnat/arm-eabi/lib/gnat/ravenscar-full-stm32f4/gnat/a-strbou.adb:74:7:Replicate	24	static
/usr/gnat/arm-eabi/lib/gnat/ravenscar-full-stm32f4/gnat/a-strbou.adb:83:7:Replicate	40	static
/usr/gnat/arm-eabi/lib/gnat/ravenscar-full-stm32f4/gnat/a-strbou.adb:96:7:To_Bounded_String	24	static
/usr/gnat/arm-eabi/lib/gnat/ravenscar-full-stm32f4/gnat/a-chtgbo.adb:42:4:Checked_Index	24	static
/usr/gnat/arm-eabi/lib/gnat/ravenscar-full-stm32f4/gnat/a-chtgbo.adb:55:4:Clear	8	static
/usr/gnat/arm-eabi/lib/gnat/ravenscar-full-stm32f4/gnat/a-cbhama.adb:179:4:Clear	8	static
/usr/gnat/arm-eabi/lib/gnat/ravenscar-full-stm32f4/gnat/a-cbhama.adb:892:4:Read	8	static
/usr/gnat/arm-eabi/lib/gnat/ravenscar-full-stm32f4/gnat/a-chtgbo.adb:70:4:Delete_Node_At_Index	8	static
/usr/gnat/arm-eabi/lib/gnat/ravenscar-full-stm32f4/gnat/a-chtgbo.adb:113:4:Delete_Node_Sans_Free	16	static
/usr/gnat/arm-eabi/lib/gnat/ravenscar-full-stm32f4/gnat/a-chtgbo.adb:170:4:First	0	static
/usr/gnat/arm-eabi/lib/gnat/ravenscar-full-stm32f4/gnat/a-cbhama.adb:483:4:First	16	static
/usr/gnat/arm-eabi/lib/gnat/ravenscar-full-stm32f4/gnat/a-cbhama.adb:493:4:First	8	static
/usr/gnat/arm-eabi/lib/gnat/ravenscar-full-stm32f4/gnat/a-cbhama.ads:453:9:T1354b	16	static
/usr/gnat/arm-eabi/lib/gnat/ravenscar-full-stm32f4/gnat/a-chtgbo.adb:192:4:Free	16	static
/usr/gnat/arm-eabi/lib/gnat/ravenscar-full-stm32f4/gnat/a-chtgbo.adb:506:4:Index	0	static
/usr/gnat/arm-eabi/lib/gnat/ravenscar-full-stm32f4/gnat/a-chtgbo.adb:513:4:Index	0	static
/usr/gnat/arm-eabi/lib/gnat/ravenscar-full-stm32f4/gnat/a-chtgbo.adb:524:4:Next	16	static
/usr/gnat/arm-eabi/lib/gnat/ravenscar-full-stm32f4/gnat/a-chtgbk.adb:40:4:Checked_Equivalent_Keys	24	static
/usr/gnat/arm-eabi/lib/gnat/ravenscar-full-stm32f4/gnat/a-cbhama.adb:558:4:Insert	40	static
/usr/gnat/arm-eabi/lib/gnat/ravenscar-full-stm32f4/gnat/a-cbhama.adb:625:4:Insert	48	static
/usr/gnat/arm-eabi/lib/gnat/ravenscar-full-stm32f4/gnat/a-cbhama.adb:130:4:Assign	48	static
/usr/gnat/arm-eabi/lib/gnat/ravenscar-full-stm32f4/gnat/a-cbhama.adb:260:4:Copy	24	static
/usr/gnat/arm-eabi/lib/gnat/ravenscar-full-stm32f4/gnat/a-cbhama.adb:781:4:Move	8	static
/usr/gnat/arm-eabi/lib/gnat/ravenscar-full-stm32f4/gnat/a-cbhama.adb:531:4:Include	24	static
/usr/gnat/arm-eabi/lib/gnat/ravenscar-full-stm32f4/gnat/a-cbhama.adb:682:4:Insert	16	static
/usr/gnat/arm-eabi/lib/gnat/ravenscar-full-stm32f4/gnat/a-chtgbk.adb:54:4:Checked_Index	32	static
/usr/gnat/arm-eabi/lib/gnat/ravenscar-full-stm32f4/gnat/a-chtgbk.adb:67:4:Delete_Key_Sans_Free	40	static
/usr/gnat/arm-eabi/lib/gnat/ravenscar-full-stm32f4/gnat/a-cbhama.adb:303:4:Delete	8	static
/usr/gnat/arm-eabi/lib/gnat/ravenscar-full-stm32f4/gnat/a-cbhama.adb:446:4:Exclude	8	static
/usr/gnat/arm-eabi/lib/gnat/ravenscar-full-stm32f4/gnat/a-chtgbk.adb:121:4:Find	32	static
/usr/gnat/arm-eabi/lib/gnat/ravenscar-full-stm32f4/gnat/a-cbhama.adb:221:4:Constant_Reference	24	static
/usr/gnat/arm-eabi/lib/gnat/ravenscar-full-stm32f4/gnat/a-cbhama.adb:343:4:Element	8	static
/usr/gnat/arm-eabi/lib/gnat/ravenscar-full-stm32f4/gnat/a-cbhama.adb:468:4:Find	16	static
/usr/gnat/arm-eabi/lib/gnat/ravenscar-full-stm32f4/gnat/a-cbhama.adb:251:4:Contains	16	static
/usr/gnat/arm-eabi/lib/gnat/ravenscar-full-stm32f4/gnat/a-cbhama.adb:997:4:Reference	24	static
/usr/gnat/arm-eabi/lib/gnat/ravenscar-full-stm32f4/gnat/a-cbhama.adb:1026:4:Replace	16	static
/usr/gnat/arm-eabi/lib/gnat/ravenscar-full-stm32f4/gnat/a-chtgbk.adb:339:4:Index	0	static
/usr/gnat/arm-eabi/lib/gnat/ravenscar-full-stm32f4/gnat/a-cbhama.adb:294:4:Default_Modulus	8	static
/usr/gnat/arm-eabi/lib/gnat/ravenscar-full-stm32f4/gnat/a-cbhama.adb:372:4:Equivalent_Key_Node	0	static
/usr/gnat/arm-eabi/lib/gnat/ravenscar-full-stm32f4/gnat/a-cbhama.adb:502:4:Get_Element_Access	0	static
/usr/gnat/arm-eabi/lib/gnat/ravenscar-full-stm32f4/gnat/a-cbhama.adb:522:4:Hash_Node	0	static
/usr/gnat/arm-eabi/lib/gnat/ravenscar-full-stm32f4/gnat/a-cbhama.adb:800:4:Next	0	static
/usr/gnat/arm-eabi/lib/gnat/ravenscar-full-stm32f4/gnat/a-cbhama.adb:851:4:Pseudo_Reference	24	static
/usr/gnat/arm-eabi/lib/gnat/ravenscar-full-stm32f4/gnat/a-cbhama.adb:936:4:Read	8	static
/usr/gnat/arm-eabi/lib/gnat/ravenscar-full-stm32f4/gnat/a-cbhama.adb:944:4:Read	8	static
/usr/gnat/arm-eabi/lib/gnat/ravenscar-full-stm32f4/gnat/a-cbhama.adb:952:4:Read	8	static
/usr/gnat/arm-eabi/lib/gnat/ravenscar-full-stm32f4/gnat/a-cbhama.adb:1095:4:Set_Next	0	static
/usr/gnat/arm-eabi/lib/gnat/ravenscar-full-stm32f4/gnat/a-cbhama.adb:1136:4:Vet	40	static
/usr/gnat/arm-eabi/lib/gnat/ravenscar-full-stm32f4/gnat/a-cbhama.adb:188:4:Constant_Reference	32	static
/usr/gnat/arm-eabi/lib/gnat/ravenscar-full-stm32f4/gnat/a-cbhama.adb:316:4:Delete	16	static
/usr/gnat/arm-eabi/lib/gnat/ravenscar-full-stm32f4/gnat/a-cbhama.adb:356:4:Element	8	static
/usr/gnat/arm-eabi/lib/gnat/ravenscar-full-stm32f4/gnat/a-cbhama.adb:383:4:Equivalent_Keys	16	static
/usr/gnat/arm-eabi/lib/gnat/ravenscar-full-stm32f4/gnat/a-cbhama.adb:408:4:Equivalent_Keys	16	static
/usr/gnat/arm-eabi/lib/gnat/ravenscar-full-stm32f4/gnat/a-cbhama.adb:425:4:Equivalent_Keys	16	static
/usr/gnat/arm-eabi/lib/gnat/ravenscar-full-stm32f4/gnat/a-cbhama.adb:512:4:Has_Element	8	static
/usr/gnat/arm-eabi/lib/gnat/ravenscar-full-stm32f4/gnat/a-cbhama.adb:756:4:Key	8	static
/usr/gnat/arm-eabi/lib/gnat/ravenscar-full-stm32f4/gnat/a-cbhama.adb:805:4:Next	16	static
/usr/gnat/arm-eabi/lib/gnat/ravenscar-full-stm32f4/gnat/a-cbhama.adb:964:4:Reference	32	static
/usr/gnat/arm-eabi/lib/gnat/ravenscar-full-stm32f4/gnat/a-cbhama.adb:1053:4:Replace_Element	16	static
/usr/gnat/arm-eabi/lib/gnat/ravenscar-full-stm32f4/gnat/a-cbhama.adb:866:4:Query_Element	24	static
/usr/gnat/arm-eabi/lib/gnat/ravenscar-full-stm32f4/gnat/a-cbhama.adb:1104:4:Update_Element	24	static
/home/taste/test1/Certyflie/crazyflie_support/src/log.adb:855:4:Log_Reset	88	static
/home/taste/test1/Certyflie/crazyflie_support/src/log.adb:984:4:Loggert	216	static
/usr/gnat/arm-eabi/lib/gnat/ravenscar-full-stm32f4/gnat/a-cbhama.adb:825:4:Next	8	static
/usr/gnat/arm-eabi/lib/gnat/ravenscar-full-stm32f4/gnat/a-cbhama.ads:453:9:T1357b	16	static
/usr/gnat/arm-eabi/lib/gnat/ravenscar-full-stm32f4/gnat/a-cbhama.adb:830:4:Next	16	static
/home/taste/test1/Certyflie/crazyflie_support/src/log.adb:708:4:Log_Append_To_Block	72	dynamic
/usr/gnat/arm-eabi/lib/gnat/ravenscar-full-stm32f4/gnat/a-cbhama.adb:1228:4:Write	8	static
/usr/gnat/arm-eabi/lib/gnat/ravenscar-full-stm32f4/gnat/a-cbhama.adb:1236:4:Write	8	static
/usr/gnat/arm-eabi/lib/gnat/ravenscar-full-stm32f4/gnat/a-cbhama.adb:1244:4:Write	8	static
/usr/gnat/arm-eabi/lib/gnat/ravenscar-full-stm32f4/gnat/a-strbou.ads:499:16:Length	8	static
/usr/gnat/arm-eabi/lib/gnat/ravenscar-full-stm32f4/gnat/a-strbou.ads:503:16:To_String	16	static
/home/taste/test1/Certyflie/crazyflie_support/src/log.adb:449:4:Log_Crtp_Handler	184	dynamic
/usr/gnat/arm-eabi/lib/gnat/ravenscar-full-stm32f4/gnat/a-strbou.ads:493:17:Set_Bounded_String	8	static
/usr/gnat/arm-eabi/lib/gnat/ravenscar-full-stm32f4/gnat/a-strbou.ads:507:16:Append	24	static
/usr/gnat/arm-eabi/lib/gnat/ravenscar-full-stm32f4/gnat/a-strbou.ads:513:16:Append	32	static
/usr/gnat/arm-eabi/lib/gnat/ravenscar-full-stm32f4/gnat/a-strbou.ads:519:16:Append	24	static
/usr/gnat/arm-eabi/lib/gnat/ravenscar-full-stm32f4/gnat/a-strbou.ads:525:16:Append	24	static
/usr/gnat/arm-eabi/lib/gnat/ravenscar-full-stm32f4/gnat/a-strbou.ads:531:16:Append	24	static
/usr/gnat/arm-eabi/lib/gnat/ravenscar-full-stm32f4/gnat/a-strbou.ads:537:17:Append	8	static
/usr/gnat/arm-eabi/lib/gnat/ravenscar-full-stm32f4/gnat/a-strbou.ads:543:17:Append	8	static
/usr/gnat/arm-eabi/lib/gnat/ravenscar-full-stm32f4/gnat/a-strbou.ads:549:17:Append	8	static
/usr/gnat/arm-eabi/lib/gnat/ravenscar-full-stm32f4/gnat/a-strbou.ads:555:16:&	24	static
/usr/gnat/arm-eabi/lib/gnat/ravenscar-full-stm32f4/gnat/a-strbou.ads:560:16:&	32	static
/usr/gnat/arm-eabi/lib/gnat/ravenscar-full-stm32f4/gnat/a-strbou.ads:565:16:&	24	static
/usr/gnat/arm-eabi/lib/gnat/ravenscar-full-stm32f4/gnat/a-strbou.ads:570:16:&	24	static
/usr/gnat/arm-eabi/lib/gnat/ravenscar-full-stm32f4/gnat/a-strbou.ads:575:16:&	24	static
/usr/gnat/arm-eabi/lib/gnat/ravenscar-full-stm32f4/gnat/a-strbou.ads:580:16:Element	8	static
/usr/gnat/arm-eabi/lib/gnat/ravenscar-full-stm32f4/gnat/a-strbou.ads:585:17:Replace_Element	8	static
/usr/gnat/arm-eabi/lib/gnat/ravenscar-full-stm32f4/gnat/a-strbou.ads:591:16:Slice	16	static
/usr/gnat/arm-eabi/lib/gnat/ravenscar-full-stm32f4/gnat/a-strbou.ads:597:16:Bounded_Slice	24	static
/usr/gnat/arm-eabi/lib/gnat/ravenscar-full-stm32f4/gnat/a-strbou.ads:603:17:Bounded_Slice	8	static
/usr/gnat/arm-eabi/lib/gnat/ravenscar-full-stm32f4/gnat/a-strbou.ads:610:27:=	8	static
/usr/gnat/arm-eabi/lib/gnat/ravenscar-full-stm32f4/gnat/a-strbou.ads:615:16:=	8	static
/usr/gnat/arm-eabi/lib/gnat/ravenscar-full-stm32f4/gnat/a-strbou.ads:620:16:=	8	static
/usr/gnat/arm-eabi/lib/gnat/ravenscar-full-stm32f4/gnat/a-strbou.ads:625:16:<	8	static
/usr/gnat/arm-eabi/lib/gnat/ravenscar-full-stm32f4/gnat/a-strbou.ads:630:16:<	8	static
/usr/gnat/arm-eabi/lib/gnat/ravenscar-full-stm32f4/gnat/a-strbou.ads:635:16:<	8	static
/usr/gnat/arm-eabi/lib/gnat/ravenscar-full-stm32f4/gnat/a-strbou.ads:640:16:<=	8	static
/usr/gnat/arm-eabi/lib/gnat/ravenscar-full-stm32f4/gnat/a-strbou.ads:645:16:<=	8	static
/usr/gnat/arm-eabi/lib/gnat/ravenscar-full-stm32f4/gnat/a-strbou.ads:650:16:<=	8	static
/usr/gnat/arm-eabi/lib/gnat/ravenscar-full-stm32f4/gnat/a-strbou.ads:655:16:>	8	static
/usr/gnat/arm-eabi/lib/gnat/ravenscar-full-stm32f4/gnat/a-strbou.ads:660:16:>	8	static
/usr/gnat/arm-eabi/lib/gnat/ravenscar-full-stm32f4/gnat/a-strbou.ads:665:16:>	8	static
/usr/gnat/arm-eabi/lib/gnat/ravenscar-full-stm32f4/gnat/a-strbou.ads:670:16:>=	8	static
/usr/gnat/arm-eabi/lib/gnat/ravenscar-full-stm32f4/gnat/a-strbou.ads:675:16:>=	8	static
/usr/gnat/arm-eabi/lib/gnat/ravenscar-full-stm32f4/gnat/a-strbou.ads:680:16:>=	8	static
/usr/gnat/arm-eabi/lib/gnat/ravenscar-full-stm32f4/gnat/a-strbou.ads:685:16:Index	16	static
/usr/gnat/arm-eabi/lib/gnat/ravenscar-full-stm32f4/gnat/a-strbou.ads:692:16:Index	16	static
/usr/gnat/arm-eabi/lib/gnat/ravenscar-full-stm32f4/gnat/a-strbou.ads:699:16:Index	8	static
/usr/gnat/arm-eabi/lib/gnat/ravenscar-full-stm32f4/gnat/a-strbou.ads:706:16:Index	16	static
/usr/gnat/arm-eabi/lib/gnat/ravenscar-full-stm32f4/gnat/a-strbou.ads:714:16:Index	16	static
/usr/gnat/arm-eabi/lib/gnat/ravenscar-full-stm32f4/gnat/a-strbou.ads:722:16:Index	16	static
/usr/gnat/arm-eabi/lib/gnat/ravenscar-full-stm32f4/gnat/a-strbou.ads:730:16:Index_Non_Blank	8	static
/usr/gnat/arm-eabi/lib/gnat/ravenscar-full-stm32f4/gnat/a-strbou.ads:735:16:Index_Non_Blank	8	static
/usr/gnat/arm-eabi/lib/gnat/ravenscar-full-stm32f4/gnat/a-strbou.ads:741:16:Count	8	static
/usr/gnat/arm-eabi/lib/gnat/ravenscar-full-stm32f4/gnat/a-strbou.ads:747:16:Count	8	static
/usr/gnat/arm-eabi/lib/gnat/ravenscar-full-stm32f4/gnat/a-strbou.ads:753:16:Count	8	static
/usr/gnat/arm-eabi/lib/gnat/ravenscar-full-stm32f4/gnat/a-strbou.ads:758:17:Find_Token	24	static
/usr/gnat/arm-eabi/lib/gnat/ravenscar-full-stm32f4/gnat/a-strbou.ads:767:17:Find_Token	16	static
/usr/gnat/arm-eabi/lib/gnat/ravenscar-full-stm32f4/gnat/a-strbou.ads:775:16:Translate	24	static
/usr/gnat/arm-eabi/lib/gnat/ravenscar-full-stm32f4/gnat/a-strbou.ads:780:17:Translate	8	static
/usr/gnat/arm-eabi/lib/gnat/ravenscar-full-stm32f4/gnat/a-strbou.ads:785:16:Translate	24	static
/usr/gnat/arm-eabi/lib/gnat/ravenscar-full-stm32f4/gnat/a-strbou.ads:790:17:Translate	8	static
/usr/gnat/arm-eabi/lib/gnat/ravenscar-full-stm32f4/gnat/a-strbou.ads:795:16:Replace_Slice	48	static
/usr/gnat/arm-eabi/lib/gnat/ravenscar-full-stm32f4/gnat/a-strbou.ads:803:17:Replace_Slice	32	static
/usr/gnat/arm-eabi/lib/gnat/ravenscar-full-stm32f4/gnat/a-strbou.ads:811:16:Insert	40	static
/usr/gnat/arm-eabi/lib/gnat/ravenscar-full-stm32f4/gnat/a-strbou.ads:818:17:Insert	16	static
/usr/gnat/arm-eabi/lib/gnat/ravenscar-full-stm32f4/gnat/a-strbou.ads:825:16:Overwrite	40	static
/usr/gnat/arm-eabi/lib/gnat/ravenscar-full-stm32f4/gnat/a-strbou.ads:832:17:Overwrite	16	static
/usr/gnat/arm-eabi/lib/gnat/ravenscar-full-stm32f4/gnat/a-strbou.ads:839:16:Delete	24	static
/usr/gnat/arm-eabi/lib/gnat/ravenscar-full-stm32f4/gnat/a-strbou.ads:845:17:Delete	8	static
/usr/gnat/arm-eabi/lib/gnat/ravenscar-full-stm32f4/gnat/a-strbou.ads:851:16:Trim	24	static
/usr/gnat/arm-eabi/lib/gnat/ravenscar-full-stm32f4/gnat/a-strbou.ads:856:17:Trim	8	static
/usr/gnat/arm-eabi/lib/gnat/ravenscar-full-stm32f4/gnat/a-strbou.ads:861:16:Trim	24	static
/usr/gnat/arm-eabi/lib/gnat/ravenscar-full-stm32f4/gnat/a-strbou.ads:867:17:Trim	8	static
/usr/gnat/arm-eabi/lib/gnat/ravenscar-full-stm32f4/gnat/a-strbou.ads:873:16:Head	24	static
/usr/gnat/arm-eabi/lib/gnat/ravenscar-full-stm32f4/gnat/a-strbou.ads:880:17:Head	8	static
/usr/gnat/arm-eabi/lib/gnat/ravenscar-full-stm32f4/gnat/a-strbou.ads:887:16:Tail	24	static
/usr/gnat/arm-eabi/lib/gnat/ravenscar-full-stm32f4/gnat/a-strbou.ads:894:17:Tail	8	static
/usr/gnat/arm-eabi/lib/gnat/ravenscar-full-stm32f4/gnat/a-strbou.ads:901:16:*	24	static
/usr/gnat/arm-eabi/lib/gnat/ravenscar-full-stm32f4/gnat/a-strbou.ads:906:16:Replicate	24	static
/home/taste/test1/Certyflie/crazyflie_support/src/log.adb:129:9:Log_Variableip	0	static
/home/taste/test1/Certyflie/crazyflie_support/src/generic_vectors.ads:64:9:Componentsip	16	static
/home/taste/test1/Certyflie/crazyflie_support/src/generic_vectors.ads:66:9:Vectorip	12	static
/home/taste/test1/Certyflie/crazyflie_support/src/generic_vectors.ads:64:9:Componentsip	0	static
/home/taste/test1/Certyflie/crazyflie_support/src/generic_vectors.ads:66:9:Vectorip	0	static
/home/taste/test1/Certyflie/crazyflie_support/src/log.adb:163:9:Log_Groupip	0	static
/home/taste/test1/Certyflie/crazyflie_support/src/generic_vectors.ads:64:9:Componentsip	16	static
/home/taste/test1/Certyflie/crazyflie_support/src/generic_vectors.ads:66:9:Vectorip	8	static
/home/taste/test1/Certyflie/crazyflie_support/src/log.adb:189:9:Log_Operationip	0	static
/home/taste/test1/Certyflie/crazyflie_support/src/generic_vectors.ads:64:9:Componentsip	0	static
/home/taste/test1/Certyflie/crazyflie_support/src/generic_vectors.ads:66:9:Vectorip	0	static
/usr/gnat/arm-eabi/lib/gnat/ravenscar-full-stm32f4/gnat/a-cbhama.ads:330:9:Node_Typeip	0	static
/usr/gnat/arm-eabi/lib/gnat/ravenscar-full-stm32f4/gnat/a-conhel.ads:84:12:Reference_Control_Typeip	0	static
/usr/gnat/arm-eabi/lib/gnat/ravenscar-full-stm32f4/gnat/a-conhel.ads:136:12:With_Busyip	0	static
/usr/gnat/arm-eabi/lib/gnat/ravenscar-full-stm32f4/gnat/a-conhel.ads:142:12:With_Lockip	0	static
/usr/gnat/arm-eabi/lib/gnat/ravenscar-full-stm32f4/gnat/a-cohata.ads:65:12:Nodes_Typeip	0	static
/usr/gnat/arm-eabi/lib/gnat/ravenscar-full-stm32f4/gnat/a-cohata.ads:66:12:Buckets_Typeip	0	static
/usr/gnat/arm-eabi/lib/gnat/ravenscar-full-stm32f4/gnat/a-cohata.ads:68:12:Hash_Table_Typeip	8	static
/usr/gnat/arm-eabi/lib/gnat/ravenscar-full-stm32f4/gnat/a-cbhama.ads:339:9:Mapip	8	static
/usr/gnat/arm-eabi/lib/gnat/ravenscar-full-stm32f4/gnat/a-cbhama.ads:367:9:Cursorip	0	static
/usr/gnat/arm-eabi/lib/gnat/ravenscar-full-stm32f4/gnat/a-cbhama.ads:453:9:Iteratorip	16	static
/usr/gnat/arm-eabi/lib/gnat/ravenscar-full-stm32f4/gnat/a-cbhama.ads:376:4:Cursorsr	8	static
/usr/gnat/arm-eabi/lib/gnat/ravenscar-full-stm32f4/gnat/a-cbhama.ads:382:4:Cursorsw	8	static
/usr/gnat/arm-eabi/lib/gnat/ravenscar-full-stm32f4/gnat/a-cbhama.ads:401:4:Constant_Reference_Typesw	8	static
/usr/gnat/arm-eabi/lib/gnat/ravenscar-full-stm32f4/gnat/a-cbhama.ads:407:4:Constant_Reference_Typesr	8	static
/usr/gnat/arm-eabi/lib/gnat/ravenscar-full-stm32f4/gnat/a-cbhama.ads:421:4:Reference_Typesw	8	static
/usr/gnat/arm-eabi/lib/gnat/ravenscar-full-stm32f4/gnat/a-cbhama.ads:427:4:Reference_Typesr	8	static
/home/taste/test1/Certyflie/crazyflie_support/src/log.adb:233:4:Log_Block_Timing_Event_Handlertvip	40	static
/home/taste/test1/Certyflie/crazyflie_support/src/log.adb:237:7:P1425bip	0	static
/home/taste/test1/Certyflie/crazyflie_support/src/log.adb:176:9:Log_Tocip	12	static
/home/taste/test1/Certyflie/crazyflie_support/src/log.adb:203:9:Log_Block_Timing_Eventip	0	static
/home/taste/test1/Certyflie/crazyflie_support/src/log.adb:210:9:Log_Blockip	0	static
/home/taste/test1/Certyflie/crazyflie_support/src/log.adb:255:4:Tlog_Blocksbip	36	static
/home/taste/test1/Certyflie/crazyflie_support/src/log.adb:322:4:Log_Init	8	static
/home/taste/test1/Certyflie/crazyflie_support/src/log.adb:337:4:Log_Test	0	static
/home/taste/test1/Certyflie/crazyflie_support/src/log.adb:346:4:Create_Log_Group	120	static
/home/taste/test1/Certyflie/crazyflie_support/src/log.adb:372:4:Append_Log_Variable_To_Group	88	static
/home/taste/test1/Certyflie/crazyflie_support/src/log.adb:404:4:Add_Log_Variable	160	static
/home/taste/test1/Certyflie/crazyflie_support/src/log.adb:42:1:Finalize_Body	8	static
/home/taste/test1/Certyflie/crazyflie_support/src/log.adb:42:1:Log	56	static
