/home/taste/test1/Certyflie/crazyflie_support/src/crtp.adb:159:4:CRTP_APPEND_T_UINT8_DATA	8	static
/home/taste/test1/Certyflie/crazyflie_support/src/crtp.adb:159:4:CRTP_APPEND_T_UINT8_DATA	8	static
/home/taste/test1/Certyflie/src/parameter.adb:405:4:Append_Raw_Data_Variable_Name_To_Packet	48	dynamic
/home/taste/test1/Certyflie/src/parameter.adb:274:4:Parameter_Crtp_Handler	304	static
/home/taste/test1/Certyflie/src/parameter.ads:40:9:Parameter_Variable_Typeip	0	static
/home/taste/test1/Certyflie/src/parameter.adb:91:9:Parameter_Variableip	0	static
/home/taste/test1/Certyflie/src/parameter.adb:100:4:Tparameter_Group_Variable_Arraybip	12	static
/home/taste/test1/Certyflie/src/parameter.adb:111:9:Parameter_Groupip	4	static
/home/taste/test1/Certyflie/src/parameter.adb:118:4:Tparameter_Group_Arraybip	24	static
/home/taste/test1/Certyflie/src/parameter.adb:104:4:Tparameter_Variable_Arraybip	4	static
/home/taste/test1/Certyflie/src/parameter.adb:121:9:Parameter_Data_Baseip	20	static
/home/taste/test1/Certyflie/src/parameter.adb:164:4:Parameter_Init	8	static
/home/taste/test1/Certyflie/src/parameter.adb:179:4:Parameter_Test	0	static
/home/taste/test1/Certyflie/src/parameter.adb:188:4:Create_Parameter_Group	64	static
/home/taste/test1/Certyflie/src/parameter.adb:217:4:Append_Parameter_Variable_To_Group	216	static
/home/taste/test1/Certyflie/src/parameter.adb:37:1:Parameter	20	static
