/home/taste/test1/binary/DriversConfig/crazyflie_v2_partition/pohicdriver_bluetooth.ads:29:6:ADDRESS_TIP	0	static
/home/taste/test1/binary/DriversConfig/crazyflie_v2_partition/pohicdriver_bluetooth.ads:40:6:BLUETOOTH_CONF_T_EXISTIP	16	static
/home/taste/test1/binary/DriversConfig/crazyflie_v2_partition/pohicdriver_bluetooth.ads:44:6:BLUETOOTH_CONF_TIP	0	static
/home/taste/test1/binary/DriversConfig/crazyflie_v2_partition/pohicdriver_bluetooth.adb:13:1:DATARATE_T_EQUAL	0	static
/home/taste/test1/binary/DriversConfig/crazyflie_v2_partition/pohicdriver_bluetooth.adb:21:1:DATARATE_T_INIT	0	static
/home/taste/test1/binary/DriversConfig/crazyflie_v2_partition/pohicdriver_bluetooth.adb:29:1:DATARATE_T_ISCONSTRAINTVALID	0	static
/home/taste/test1/binary/DriversConfig/crazyflie_v2_partition/pohicdriver_bluetooth.adb:39:1:ADDRESS_T_EQUAL	8	static
/home/taste/test1/binary/DriversConfig/crazyflie_v2_partition/pohicdriver_bluetooth.adb:47:1:ADDRESS_T_INIT	8	static
/home/taste/test1/binary/DriversConfig/crazyflie_v2_partition/pohicdriver_bluetooth.adb:64:1:BLUETOOTH_CONF_T_CHANNEL_EQUAL	0	static
/home/taste/test1/binary/DriversConfig/crazyflie_v2_partition/pohicdriver_bluetooth.adb:72:1:BLUETOOTH_CONF_T_EQUAL	16	static
/home/taste/test1/binary/DriversConfig/crazyflie_v2_partition/pohicdriver_bluetooth.adb:100:1:BLUETOOTH_CONF_T_CHANNEL_INIT	0	static
/home/taste/test1/binary/DriversConfig/crazyflie_v2_partition/pohicdriver_bluetooth.adb:107:1:BLUETOOTH_CONF_T_INIT	8	static
/home/taste/test1/binary/DriversConfig/crazyflie_v2_partition/pohicdriver_bluetooth.adb:123:1:BLUETOOTH_CONF_T_ISCONSTRAINTVALID	0	static
