/home/taste/test1/binary/GlueAndBuild/deploymentview_final/crazyflie_v2_partition/polyorb_hi_generated-deployment.ads:16:8:Node_Typerp	8	static
/home/taste/test1/binary/GlueAndBuild/deploymentview_final/crazyflie_v2_partition/polyorb_hi_generated-deployment.ads:49:3:Tut_Deployment_Crazyflie_V2_Partition_Node_Image_Arraybip	0	static
/home/taste/test1/binary/GlueAndBuild/deploymentview_final/crazyflie_v2_partition/polyorb_hi_generated-deployment.ads:65:8:Entity_Typerp	8	static
/home/taste/test1/binary/GlueAndBuild/deploymentview_final/crazyflie_v2_partition/polyorb_hi_generated-deployment.ads:92:3:Tut_Deployment_Crazyflie_V2_Partition_Entity_Table_Arraybip	0	static
/home/taste/test1/binary/GlueAndBuild/deploymentview_final/crazyflie_v2_partition/polyorb_hi_generated-deployment.ads:121:3:Tut_Deployment_Crazyflie_V2_Partition_Entity_Image_Arraybip	0	static
/home/taste/test1/binary/GlueAndBuild/deploymentview_final/crazyflie_v2_partition/polyorb_hi_generated-deployment.ads:139:8:Port_Typerp	8	static
/home/taste/test1/binary/GlueAndBuild/deploymentview_final/crazyflie_v2_partition/polyorb_hi_generated-deployment.ads:160:3:Tut_Deployment_Crazyflie_V2_Partition_Port_Table_Arraybip	0	static
/home/taste/test1/binary/GlueAndBuild/deploymentview_final/crazyflie_v2_partition/polyorb_hi_generated-deployment.ads:182:3:Tut_Deployment_Crazyflie_V2_Partition_Port_Image_Arraybip	0	static
