/home/taste/tool-inst/include/ocarina/runtime/polyorb-hi-ada/polyorb_hi-thread_interrogators.adb:153:49:WAIT_EVENT_B97B	0	static
/home/taste/tool-inst/include/ocarina/runtime/polyorb-hi-ada/polyorb_hi-thread_interrogators.adb:84:14:GLOBAL_QUEUETF	0	static
/home/taste/tool-inst/include/ocarina/runtime/polyorb-hi-ada/polyorb_hi-background_task.adb:47:4:The_Background_Task	8	static
/home/taste/tool-inst/include/ocarina/runtime/polyorb-hi-ada/polyorb_hi-periodic_task.adb:51:4:The_Periodic_Task	24	static
/home/taste/tool-inst/include/ocarina/runtime/polyorb-hi-ada/polyorb_hi-periodic_task.adb:119:4:Next_Deadline	0	static
/home/taste/tool-inst/include/ocarina/runtime/polyorb-hi-ada/polyorb_hi-sporadic_task.adb:122:4:Next_Deadline	0	static
/home/taste/tool-inst/include/ocarina/runtime/polyorb-hi-ada/polyorb_hi-background_task.adb:84:4:Next_Deadline	8	static
/home/taste/tool-inst/include/ocarina/runtime/polyorb-hi-ada/polyorb_hi-periodic_task.ads:63:19:Activate_Entrypoint	0	static
/home/taste/tool-inst/include/ocarina/runtime/polyorb-hi-ada/polyorb_hi-periodic_task.ads:67:19:Recover_Entrypoint	0	static
/home/taste/tool-inst/include/ocarina/runtime/polyorb-hi-ada/polyorb_hi-periodic_task.ads:73:4:The_Periodic_Tasktkvip	56	static
/home/taste/tool-inst/include/ocarina/runtime/polyorb-hi-ada/polyorb_hi-sporadic_task.ads:79:19:Activate_Entrypoint	0	static
/home/taste/tool-inst/include/ocarina/runtime/polyorb-hi-ada/polyorb_hi-sporadic_task.ads:83:19:Recover_Entrypoint	0	static
/home/taste/tool-inst/include/ocarina/runtime/polyorb-hi-ada/polyorb_hi-sporadic_task.ads:89:4:The_Sporadic_Tasktkvip	56	static
/home/taste/tool-inst/include/ocarina/runtime/polyorb-hi-ada/polyorb_hi-background_task.ads:51:19:Activate_Entrypoint	0	static
/home/taste/tool-inst/include/ocarina/runtime/polyorb-hi-ada/polyorb_hi-background_task.ads:55:19:Recover_Entrypoint	0	static
/home/taste/tool-inst/include/ocarina/runtime/polyorb-hi-ada/polyorb_hi-background_task.ads:61:4:The_Background_Tasktkvip	56	static
/home/taste/test1/binary/GlueAndBuild/deploymentview_final/crazyflie_v2_partition/polyorb_hi_generated-activity.ads:46:3:Vt_Crazyflie_Start_Demo_Cv_Thread_Vt_Crazyflie_Start_Demo_Vt_Crazyflie_Start_Demo_Others_Interfaced2	0	static
/home/taste/test1/binary/GlueAndBuild/deploymentview_final/crazyflie_v2_partition/polyorb_hi_generated-activity.ads:46:8:Vt_Crazyflie_Start_Demo_Cv_Thread_Vt_Crazyflie_Start_Demo_Vt_Crazyflie_Start_Demo_Others_Interfaceeq	16	static
/home/taste/test1/binary/GlueAndBuild/deploymentview_final/crazyflie_v2_partition/polyorb_hi_generated-activity.ads:46:8:Vt_Crazyflie_Start_Demo_Cv_Thread_Vt_Crazyflie_Start_Demo_Vt_Crazyflie_Start_Demo_Others_Interfaceip	0	static
/home/taste/tool-inst/include/ocarina/runtime/polyorb-hi-ada/polyorb_hi-unprotected_queue.adb:43:4:Read_Eventxnb	0	static
/home/taste/tool-inst/include/ocarina/runtime/polyorb-hi-ada/polyorb_hi-thread_interrogators.adb:153:7:WAIT_EVENT_E96B	16	static
/home/taste/tool-inst/include/ocarina/runtime/polyorb-hi-ada/polyorb_hi-unprotected_queue.adb:199:4:Read_Outxnb	12	static
/home/taste/tool-inst/include/ocarina/runtime/polyorb-hi-ada/polyorb_hi-unprotected_queue.adb:217:4:Is_Invalidxnb	0	static
/home/taste/tool-inst/include/ocarina/runtime/polyorb-hi-ada/polyorb_hi-unprotected_queue.adb:226:4:Set_Invalidxnb	8	static
/home/taste/tool-inst/include/ocarina/runtime/polyorb-hi-ada/polyorb_hi-unprotected_queue.adb:545:4:Store_Outxnb	40	dynamic
/home/taste/tool-inst/include/ocarina/runtime/polyorb-hi-ada/polyorb_hi-unprotected_queue.adb:580:4:Countxnb	8	static
/home/taste/tool-inst/include/ocarina/runtime/polyorb-hi-ada/polyorb_hi-unprotected_queue.adb:653:4:Get_Most_Recent_Valuexnb	16	static
/home/taste/tool-inst/include/ocarina/runtime/polyorb-hi-ada/polyorb_hi-unprotected_queue.adb:147:4:Read_Inxnb	16	static
/home/taste/tool-inst/include/ocarina/runtime/polyorb-hi-ada/polyorb_hi-unprotected_queue.adb:66:4:Dequeuexnb	40	static
/home/taste/tool-inst/include/ocarina/runtime/polyorb-hi-ada/polyorb_hi-unprotected_queue.adb:791:4:Set_Most_Recent_Valuexnb	24	static
/home/taste/tool-inst/include/ocarina/runtime/polyorb-hi-ada/polyorb_hi-unprotected_queue.adb:241:4:Store_Inxnb	40	dynamic
/home/taste/tool-inst/include/ocarina/runtime/polyorb-hi-ada/polyorb_hi-unprotected_queue.adb:929:4:Get_Time_Stampxnb	0	static
/home/taste/tool-inst/include/ocarina/runtime/polyorb-hi-ada/polyorb_hi-unprotected_queue.adb:944:4:H_Increment_Firstxnb	8	static
/home/taste/tool-inst/include/ocarina/runtime/polyorb-hi-ada/polyorb_hi-unprotected_queue.adb:964:4:H_Increment_Lastxnb	8	static
/home/taste/tool-inst/include/ocarina/runtime/polyorb-hi-ada/polyorb_hi-unprotected_queue.ads:124:9:Port_Stream_Entryipxnb	0	static
/home/taste/tool-inst/include/ocarina/runtime/polyorb-hi-ada/polyorb_hi-unprotected_queue.ads:146:4:Tbig_Port_Stream_Arraybipxnb	0	static
/home/taste/tool-inst/include/ocarina/runtime/polyorb-hi-ada/polyorb_hi-unprotected_queue.ads:154:4:Tport_Index_Arraybipxnb	0	static
/home/taste/tool-inst/include/ocarina/runtime/polyorb-hi-ada/polyorb_hi-unprotected_queue.ads:164:4:Tboolean_Arraybipxnb	0	static
/home/taste/tool-inst/include/ocarina/runtime/polyorb-hi-ada/polyorb_hi-unprotected_queue.ads:148:4:Tbig_Port_Type_Arraybipxnb	0	static
/home/taste/tool-inst/include/ocarina/runtime/polyorb-hi-ada/polyorb_hi-unprotected_queue.ads:139:4:Tport_Stream_Arraybipxnb	0	static
/home/taste/tool-inst/include/ocarina/runtime/polyorb-hi-ada/polyorb_hi-unprotected_queue.ads:165:4:Ttime_Arraybipxnb	0	static
/home/taste/tool-inst/include/ocarina/runtime/polyorb-hi-ada/polyorb_hi-thread_interrogators.adb:84:4:GLOBAL_QUEUETVIP	40	static
/home/taste/tool-inst/include/ocarina/runtime/polyorb-hi-ada/polyorb_hi-thread_interrogators.adb:87:7:P92BIP	0	static
/home/taste/tool-inst/include/ocarina/runtime/polyorb-hi-ada/polyorb_hi-thread_interrogators.adb:170:7:READ_EVENTN	8	static
/home/taste/tool-inst/include/ocarina/runtime/polyorb-hi-ada/polyorb_hi-thread_interrogators.adb:170:7:READ_EVENTP	16	static
/home/taste/tool-inst/include/ocarina/runtime/polyorb-hi-ada/polyorb_hi-thread_interrogators.adb:179:7:DEQUEUEN	8	static
/home/taste/tool-inst/include/ocarina/runtime/polyorb-hi-ada/polyorb_hi-thread_interrogators.adb:179:7:DEQUEUEP	24	static
/home/taste/tool-inst/include/ocarina/runtime/polyorb-hi-ada/polyorb_hi-thread_interrogators.adb:188:7:READ_INN	8	static
/home/taste/tool-inst/include/ocarina/runtime/polyorb-hi-ada/polyorb_hi-thread_interrogators.adb:188:7:READ_INP	16	static
/home/taste/tool-inst/include/ocarina/runtime/polyorb-hi-ada/polyorb_hi-thread_interrogators.adb:197:7:READ_OUTN	8	static
/home/taste/tool-inst/include/ocarina/runtime/polyorb-hi-ada/polyorb_hi-thread_interrogators.adb:197:7:READ_OUTP	16	static
/home/taste/tool-inst/include/ocarina/runtime/polyorb-hi-ada/polyorb_hi-thread_interrogators.adb:206:7:IS_INVALIDN	0	static
/home/taste/tool-inst/include/ocarina/runtime/polyorb-hi-ada/polyorb_hi-thread_interrogators.adb:206:7:IS_INVALIDP	16	static
/home/taste/tool-inst/include/ocarina/runtime/polyorb-hi-ada/polyorb_hi-thread_interrogators.adb:215:7:SET_INVALIDN	8	static
/home/taste/tool-inst/include/ocarina/runtime/polyorb-hi-ada/polyorb_hi-thread_interrogators.adb:215:7:SET_INVALIDP	16	static
/home/taste/tool-inst/include/ocarina/runtime/polyorb-hi-ada/polyorb_hi-thread_interrogators.adb:224:7:STORE_INN	8	static
/home/taste/tool-inst/include/ocarina/runtime/polyorb-hi-ada/polyorb_hi-thread_interrogators.adb:224:7:STORE_INP	24	static
/home/taste/tool-inst/include/ocarina/runtime/polyorb-hi-ada/polyorb_hi-thread_interrogators.adb:233:7:STORE_OUTN	8	static
/home/taste/tool-inst/include/ocarina/runtime/polyorb-hi-ada/polyorb_hi-thread_interrogators.adb:233:7:STORE_OUTP	24	static
/home/taste/tool-inst/include/ocarina/runtime/polyorb-hi-ada/polyorb_hi-thread_interrogators.adb:242:7:COUNTN	8	static
/home/taste/tool-inst/include/ocarina/runtime/polyorb-hi-ada/polyorb_hi-thread_interrogators.adb:242:7:COUNTP	16	static
/home/taste/tool-inst/include/ocarina/runtime/polyorb-hi-ada/polyorb_hi-thread_interrogators.adb:251:7:GET_TIME_STAMPN	0	static
/home/taste/tool-inst/include/ocarina/runtime/polyorb-hi-ada/polyorb_hi-thread_interrogators.adb:251:7:GET_TIME_STAMPP	24	static
/home/taste/tool-inst/include/ocarina/runtime/polyorb-hi-ada/polyorb_hi-thread_interrogators.adb:262:4:SEND_OUTPUT	56	dynamic
/home/taste/tool-inst/include/ocarina/runtime/polyorb-hi-ada/polyorb_hi-thread_interrogators.adb:350:4:PUT_VALUE	64	static
/home/taste/tool-inst/include/ocarina/runtime/polyorb-hi-ada/polyorb_hi-thread_interrogators.adb:364:4:RECEIVE_INPUT	0	static
/home/taste/tool-inst/include/ocarina/runtime/polyorb-hi-ada/polyorb_hi-thread_interrogators.adb:374:4:GET_VALUE	88	dynamic
/home/taste/tool-inst/include/ocarina/runtime/polyorb-hi-ada/polyorb_hi-thread_interrogators.adb:389:4:GET_SENDER	32	static
/home/taste/tool-inst/include/ocarina/runtime/polyorb-hi-ada/polyorb_hi-thread_interrogators.adb:405:4:GET_COUNT	8	static
/home/taste/tool-inst/include/ocarina/runtime/polyorb-hi-ada/polyorb_hi-thread_interrogators.adb:421:4:NEXT_VALUE	32	static
/home/taste/tool-inst/include/ocarina/runtime/polyorb-hi-ada/polyorb_hi-thread_interrogators.adb:436:4:WAIT_FOR_INCOMING_EVENTS	32	static
/home/taste/tool-inst/include/ocarina/runtime/polyorb-hi-ada/polyorb_hi-thread_interrogators.adb:454:4:GET_NEXT_EVENT	8	static
/home/taste/tool-inst/include/ocarina/runtime/polyorb-hi-ada/polyorb_hi-thread_interrogators.adb:482:4:STORE_RECEIVED_MESSAGE	72	static
/home/taste/tool-inst/include/ocarina/runtime/polyorb-hi-ada/polyorb_hi-thread_interrogators.adb:500:4:GET_TIME_STAMP	8	static
/home/taste/test1/binary/GlueAndBuild/deploymentview_final/crazyflie_v2_partition/polyorb_hi_generated-activity.adb:30:3:Tvt_Crazyflie_Start_Demo_Cv_Thread_Vt_Crazyflie_Start_Demo_Vt_Crazyflie_Start_Demo_Others_Port_Kind_Arraybip	0	static
/home/taste/test1/binary/GlueAndBuild/deploymentview_final/crazyflie_v2_partition/polyorb_hi_generated-activity.adb:41:3:Tvt_Crazyflie_Start_Demo_Cv_Thread_Vt_Crazyflie_Start_Demo_Vt_Crazyflie_Start_Demo_Others_Port_Image_Arraybip	0	static
/home/taste/test1/binary/GlueAndBuild/deploymentview_final/crazyflie_v2_partition/polyorb_hi_generated-activity.adb:26:3:Tvt_Crazyflie_Start_Demo_Cv_Thread_Vt_Crazyflie_Start_Demo_Vt_Crazyflie_Start_Demo_Others_Integer_Arraybip	0	static
/home/taste/test1/binary/GlueAndBuild/deploymentview_final/crazyflie_v2_partition/polyorb_hi_generated-activity.adb:49:3:Tvt_Crazyflie_Start_Demo_Cv_Thread_Vt_Crazyflie_Start_Demo_Vt_Crazyflie_Start_Demo_Others_Overflow_Protocol_Arraybip	0	static
/home/taste/test1/binary/GlueAndBuild/deploymentview_final/crazyflie_v2_partition/polyorb_hi_generated-activity.adb:45:3:Tvt_Crazyflie_Start_Demo_Cv_Thread_Vt_Crazyflie_Start_Demo_Vt_Crazyflie_Start_Demo_Others_Address_Arraybip	0	static
/home/taste/test1/binary/GlueAndBuild/deploymentview_final/crazyflie_v2_partition/polyorb_hi_generated-activity.adb:122:3:Process_Package_Vt_Crazyflie_Pulse_Job	8	static
/home/taste/test1/binary/GlueAndBuild/deploymentview_final/crazyflie_v2_partition/polyorb_hi_generated-activity.adb:141:3:Receive_Input	0	static
/home/taste/test1/binary/GlueAndBuild/deploymentview_final/crazyflie_v2_partition/polyorb_hi_generated-activity.adb:157:3:Get_Value	8	static
/home/taste/test1/binary/GlueAndBuild/deploymentview_final/crazyflie_v2_partition/polyorb_hi_generated-activity.adb:180:3:Get_Sender	8	static
/home/taste/test1/binary/GlueAndBuild/deploymentview_final/crazyflie_v2_partition/polyorb_hi_generated-activity.adb:203:3:Get_Count	8	static
/home/taste/test1/binary/GlueAndBuild/deploymentview_final/crazyflie_v2_partition/polyorb_hi_generated-activity.adb:226:3:Get_Time_Stamp	8	static
/home/taste/test1/binary/GlueAndBuild/deploymentview_final/crazyflie_v2_partition/polyorb_hi_generated-activity.adb:249:3:Next_Value	8	static
/home/taste/test1/binary/GlueAndBuild/deploymentview_final/crazyflie_v2_partition/polyorb_hi_generated-activity.adb:265:3:Wait_For_Incoming_Events	8	static
/home/taste/test1/binary/GlueAndBuild/deploymentview_final/crazyflie_v2_partition/polyorb_hi_generated-activity.adb:281:3:Store_Received_Message	8	static
/home/taste/test1/binary/GlueAndBuild/deploymentview_final/crazyflie_v2_partition/polyorb_hi_generated-activity.adb:302:3:Process_Package_Vt_Crazyflie_Start_Demo_Job	48	static
/home/taste/tool-inst/include/ocarina/runtime/polyorb-hi-ada/polyorb_hi-sporadic_task.adb:51:4:The_Sporadic_Task	24	static
/home/taste/test1/binary/GlueAndBuild/deploymentview_final/crazyflie_v2_partition/polyorb_hi_generated-activity.adb:344:3:Crazyflie_Ble_Receiver_Job	8	static
/home/taste/test1/binary/GlueAndBuild/deploymentview_final/crazyflie_v2_partition/polyorb_hi_generated-activity.adb:19:1:Activity	40	static
/home/taste/test1/binary/GlueAndBuild/deploymentview_final/crazyflie_v2_partition/polyorb_hi_generated-activity.ads:20:1:Activity	80	static
