/home/taste/tool-inst/include/ocarina/runtime/polyorb-hi-ada/polyorb_hi-utils.ads:128:9:Hi_Stringip	0	static
/home/taste/tool-inst/include/ocarina/runtime/polyorb-hi-ada/polyorb_hi-utils.ads:135:4:Length	8	static
/home/taste/tool-inst/include/ocarina/runtime/polyorb-hi-ada/polyorb_hi-utils.ads:138:4:Valid	0	static
/home/taste/tool-inst/include/ocarina/runtime/polyorb-hi-ada/polyorb_hi-utils.ads:141:4:To_String	24	static
/home/taste/tool-inst/include/ocarina/runtime/polyorb-hi-ada/polyorb_hi-utils.ads:110:9:Naming_Entryip	0	static
/home/taste/tool-inst/include/ocarina/runtime/polyorb-hi-ada/polyorb_hi-utils.ads:116:4:Tnaming_Table_Typebip	0	static
/home/taste/tool-inst/include/ocarina/runtime/polyorb-hi-ada/polyorb_hi-utils.adb:40:4:To_Hi_String	368	static
/home/taste/tool-inst/include/ocarina/runtime/polyorb-hi-ada/polyorb_hi-utils.adb:73:4:Swap_Bytes	0	static
/home/taste/tool-inst/include/ocarina/runtime/polyorb-hi-ada/polyorb_hi-utils.adb:99:4:Parse_String	16	static
/home/taste/tool-inst/include/ocarina/runtime/polyorb-hi-ada/polyorb_hi-utils.adb:118:4:Ttask_Id_Mappingbip	24	static
/home/taste/tool-inst/include/ocarina/runtime/polyorb-hi-ada/polyorb_hi-utils.adb:120:4:Set_Task_Id	8	static
/home/taste/tool-inst/include/ocarina/runtime/polyorb-hi-ada/polyorb_hi-utils.adb:129:4:Get_Task_Id	24	static
/home/taste/tool-inst/include/ocarina/runtime/polyorb-hi-ada/polyorb_hi-utils.adb:34:1:Utils	0	static
