/home/taste/test1/Certyflie/crazyflie_support/src/generic_queue.adb:143:37:Await_Item_To_Dequeue_B9s	0	static
/home/taste/test1/Certyflie/crazyflie_support/src/generic_queue.ads:66:19:Protected_Queuef	0	static
/home/taste/test1/Certyflie/crazyflie_support/src/generic_queue.adb:143:37:Await_Item_To_Dequeue_B32s	0	static
/home/taste/test1/Certyflie/crazyflie_support/src/generic_queue.ads:66:19:Protected_Queuef	0	static
/home/taste/test1/Certyflie/crazyflie_support/src/generic_queue.adb:36:4:Enqueue	24	static
/home/taste/test1/Certyflie/crazyflie_support/src/generic_queue.adb:57:4:Dequeue	24	static
/home/taste/test1/Certyflie/crazyflie_support/src/generic_queue.adb:142:7:Await_Item_To_Dequeue_E8s	16	static
/home/taste/test1/Certyflie/crazyflie_support/src/generic_queue.adb:77:4:Reset	0	static
/home/taste/test1/Certyflie/crazyflie_support/src/generic_queue.adb:86:4:Is_Empty	0	static
/home/taste/test1/Certyflie/crazyflie_support/src/generic_queue.adb:95:4:Is_Full	0	static
/home/taste/test1/Certyflie/crazyflie_support/src/generic_queue.adb:110:7:Enqueue_Itemn	8	static
/home/taste/test1/Certyflie/crazyflie_support/src/generic_queue.adb:110:7:Enqueue_Itemp	16	static
/home/taste/test1/Certyflie/crazyflie_support/src/generic_queue.adb:124:7:Dequeue_Itemn	8	static
/home/taste/test1/Certyflie/crazyflie_support/src/generic_queue.adb:124:7:Dequeue_Itemp	16	static
/home/taste/test1/Certyflie/crazyflie_support/src/generic_queue.adb:137:7:Reset_Queuen	0	static
/home/taste/test1/Certyflie/crazyflie_support/src/generic_queue.adb:137:7:Reset_Queuep	16	static
/home/taste/test1/Certyflie/crazyflie_support/src/generic_queue.adb:36:4:Enqueue	24	static
/home/taste/test1/Certyflie/crazyflie_support/src/generic_queue.adb:57:4:Dequeue	16	static
/home/taste/test1/Certyflie/crazyflie_support/src/generic_queue.adb:142:7:Await_Item_To_Dequeue_E31s	16	static
/home/taste/test1/Certyflie/crazyflie_support/src/generic_queue.adb:77:4:Reset	0	static
/home/taste/test1/Certyflie/crazyflie_support/src/generic_queue.adb:86:4:Is_Empty	0	static
/home/taste/test1/Certyflie/crazyflie_support/src/generic_queue.adb:95:4:Is_Full	0	static
/home/taste/test1/Certyflie/crazyflie_support/src/generic_queue.adb:110:7:Enqueue_Itemn	8	static
/home/taste/test1/Certyflie/crazyflie_support/src/generic_queue.adb:110:7:Enqueue_Itemp	16	static
/home/taste/test1/Certyflie/crazyflie_support/src/generic_queue.adb:124:7:Dequeue_Itemn	8	static
/home/taste/test1/Certyflie/crazyflie_support/src/generic_queue.adb:124:7:Dequeue_Itemp	16	static
/home/taste/test1/Certyflie/crazyflie_support/src/generic_queue.adb:137:7:Reset_Queuen	0	static
/home/taste/test1/Certyflie/crazyflie_support/src/generic_queue.adb:137:7:Reset_Queuep	16	static
/home/taste/test1/Certyflie/crazyflie_support/src/generic_queue.ads:96:9:Element_Arrayip	0	static
/home/taste/test1/Certyflie/crazyflie_support/src/generic_queue.ads:99:9:T_Queueip	0	static
/home/taste/test1/Certyflie/crazyflie_support/src/generic_queue.ads:66:4:Protected_Queuevip	40	static
/home/taste/test1/Certyflie/crazyflie_support/src/generic_queue.ads:80:7:P2sip	0	static
/home/taste/test1/Certyflie/crazyflie_support/src/generic_queue.ads:96:9:Element_Arrayip	0	static
/home/taste/test1/Certyflie/crazyflie_support/src/generic_queue.ads:99:9:T_Queueip	0	static
/home/taste/test1/Certyflie/crazyflie_support/src/generic_queue.ads:66:4:Protected_Queuevip	40	static
/home/taste/test1/Certyflie/crazyflie_support/src/generic_queue.ads:80:7:P25sip	0	static
/home/taste/test1/Certyflie/crazyflie_support/src/radiolink.adb:67:4:Radiolink_Set_Data_Rate	48	static
/home/taste/test1/Certyflie/crazyflie_support/src/radiolink.adb:81:4:Radiolink_Set_Channel	48	static
/home/taste/test1/Certyflie/crazyflie_support/src/radiolink.adb:95:4:Radiolink_Set_Address	72	static
/home/taste/test1/Certyflie/crazyflie_support/src/radiolink.adb:48:4:Radiolink_Init	8	static
/home/taste/test1/Certyflie/crazyflie_support/src/radiolink.adb:112:4:Radiolink_Receive_Packet_Blocking	24	static
/home/taste/test1/Certyflie/crazyflie_support/src/radiolink.adb:121:4:Radiolink_Send_Packet	48	static
/home/taste/test1/Certyflie/crazyflie_support/src/radiolink.adb:147:4:Radiolink_Syslink_Dispatch	80	static
/home/taste/test1/Certyflie/crazyflie_support/src/radiolink.adb:36:1:Radiolink	8	static
/home/taste/test1/Certyflie/crazyflie_support/src/radiolink.ads:37:1:Radiolink	64	static
