/home/taste/test1/Certyflie/src/pid.adb:40:4:Pid_Init	0	static
/home/taste/test1/Certyflie/src/pid.adb:70:4:Pid_Reset	0	static
/home/taste/test1/Certyflie/src/pid.adb:82:4:Pid_Update	8	static
/home/taste/test1/Certyflie/src/pid.adb:116:4:Pid_Get_Output	0	static
/home/taste/test1/Certyflie/src/pid.adb:123:4:Pid_Is_Active	0	static
/home/taste/test1/Certyflie/src/pid.adb:138:4:Pid_Set_Desired	72	static
/home/taste/test1/Certyflie/src/pid.adb:149:4:Pid_Get_Desired	0	static
/home/taste/test1/Certyflie/src/pid.adb:156:4:Pid_Set_Error	72	static
/home/taste/test1/Certyflie/src/pid.adb:167:4:Pid_Set_Kp	72	static
/home/taste/test1/Certyflie/src/pid.adb:178:4:Pid_Set_Ki	72	static
/home/taste/test1/Certyflie/src/pid.adb:189:4:Pid_Set_Kd	72	static
/home/taste/test1/Certyflie/src/pid.adb:200:4:Pid_Set_I_Limit_Low	72	static
/home/taste/test1/Certyflie/src/pid.adb:211:4:Pid_Set_I_Limit_High	72	static
/home/taste/test1/Certyflie/src/pid.adb:222:4:Pid_Set_Dt	72	static
/home/taste/test1/Certyflie/src/pid.ads:57:9:Pid_Objectip	0	static
/home/taste/test1/Certyflie/src/stabilizer.adb:101:4:Stabilizer_Init	40	static
/home/taste/test1/Certyflie/src/stabilizer.adb:162:4:Stabilizer_Test	0	static
/home/taste/test1/Certyflie/src/stabilizer.adb:171:4:Limit_Thrust	8	static
/home/taste/test1/Certyflie/src/stabilizer.adb:192:4:Stabilizer_Distribute_Power	16	static
/home/taste/test1/Certyflie/src/stabilizer.adb:229:4:Stabilizer_Update_Attitude	32	static
/home/taste/test1/Certyflie/src/stabilizer.adb:268:4:Stabilizer_Update_Rate	16	static
/home/taste/test1/Certyflie/src/stabilizer.adb:297:4:Stabilizer_Alt_Hold_Update	40	static
/home/taste/test1/Certyflie/src/stabilizer.adb:413:4:Stabilizer_Control_Loop	104	static
