/home/taste/test1/Certyflie/crazyflie_support/src/syslink.ads:44:9:Syslink_Packet_Typerp	8	static
/home/taste/test1/Certyflie/crazyflie_support/src/syslink.ads:34:9:Syslink_Packet_Group_Typerp	8	static
/home/taste/test1/Certyflie/crazyflie_support/src/syslink.ads:80:9:Syslink_Packetip	0	static
/home/taste/test1/Certyflie/crazyflie_support/src/syslink.ads:105:4:Syslink_Task_Typevip	64	static
/home/taste/test1/Certyflie/crazyflie_support/src/syslink.adb:39:4:Syslink_Init	8	static
/home/taste/test1/Certyflie/crazyflie_support/src/syslink.adb:56:4:Syslink_Test	0	static
/home/taste/test1/Certyflie/crazyflie_support/src/syslink.adb:65:4:Syslink_Send_Packet	32	static
/home/taste/test1/Certyflie/crazyflie_support/src/syslink.adb:97:4:Syslink_Route_Incoming_Packet	8	static
/home/taste/test1/Certyflie/crazyflie_support/src/syslink.adb:130:4:Syslink_Task_Typet	72	static
/home/taste/test1/Certyflie/crazyflie_support/src/syslink.adb:33:1:Syslink	0	static
/home/taste/test1/Certyflie/crazyflie_support/src/syslink.ads:11:1:Syslink	8	static
