/home/taste/test1/Certyflie/crazyflie_support/src/generic_queue.adb:143:37:Await_Item_To_Dequeue_B19b	0	static
/home/taste/test1/Certyflie/crazyflie_support/src/generic_queue.ads:66:19:Protected_Queuef	0	static
/home/taste/test1/Certyflie/crazyflie_support/src/uart_syslink.adb:369:14:Await_Byte_Reception_B49b	0	static
/home/taste/test1/Certyflie/crazyflie_support/src/uart_syslink.adb:119:14:Rx_Irq_Handlertf	0	static
/home/taste/test1/Certyflie/crazyflie_support/src/uart_syslink.adb:345:7:Flow_Control_Irq_Handlerp	16	static
/home/taste/test1/Certyflie/crazyflie_support/src/generic_queue.adb:36:4:Enqueue	16	static
/home/taste/test1/Certyflie/crazyflie_support/src/uart_syslink.adb:379:7:Irq_Handlerp	16	static
/home/taste/test1/Certyflie/crazyflie_support/src/generic_queue.adb:57:4:Dequeue	8	static
/home/taste/test1/Certyflie/crazyflie_support/src/generic_queue.adb:142:7:Await_Item_To_Dequeue_E18b	16	static
/home/taste/test1/Certyflie/crazyflie_support/src/uart_syslink.adb:368:7:Await_Byte_Reception_E48b	16	static
/home/taste/test1/Certyflie/crazyflie_support/src/generic_queue.adb:77:4:Reset	0	static
/home/taste/test1/Certyflie/crazyflie_support/src/generic_queue.adb:86:4:Is_Empty	0	static
/home/taste/test1/Certyflie/crazyflie_support/src/generic_queue.adb:95:4:Is_Full	0	static
/home/taste/test1/Certyflie/crazyflie_support/src/generic_queue.adb:110:7:Enqueue_Itemn	8	static
/home/taste/test1/Certyflie/crazyflie_support/src/generic_queue.adb:110:7:Enqueue_Itemp	16	static
/home/taste/test1/Certyflie/crazyflie_support/src/generic_queue.adb:124:7:Dequeue_Itemn	8	static
/home/taste/test1/Certyflie/crazyflie_support/src/generic_queue.adb:124:7:Dequeue_Itemp	16	static
/home/taste/test1/Certyflie/crazyflie_support/src/generic_queue.adb:137:7:Reset_Queuen	0	static
/home/taste/test1/Certyflie/crazyflie_support/src/generic_queue.adb:137:7:Reset_Queuep	16	static
/home/taste/test1/Certyflie/crazyflie_support/src/generic_queue.ads:96:9:Element_Arrayip	0	static
/home/taste/test1/Certyflie/crazyflie_support/src/generic_queue.ads:99:9:T_Queueip	0	static
/home/taste/test1/Certyflie/crazyflie_support/src/generic_queue.ads:66:4:Protected_Queuevip	40	static
/home/taste/test1/Certyflie/crazyflie_support/src/generic_queue.ads:80:7:P12bip	0	static
/home/taste/test1/Certyflie/crazyflie_support/src/uart_syslink.adb:97:4:Flow_Control_Handlertvip	24	static
/home/taste/test1/Certyflie/crazyflie_support/src/uart_syslink.adb:119:4:Rx_Irq_Handlertvip	56	static
/home/taste/test1/Certyflie/crazyflie_support/src/uart_syslink.adb:122:7:P40bip	0	static
/home/taste/test1/Certyflie/crazyflie_support/src/uart_syslink.adb:139:4:Uart_Syslink_Init	96	static
/home/taste/test1/Certyflie/crazyflie_support/src/uart_syslink.adb:155:4:Uart_Get_Data_Blocking	32	static
/home/taste/test1/Certyflie/crazyflie_support/src/uart_syslink.adb:164:4:Uart_Send_Dma_Data_Blocking	88	static
/home/taste/test1/Certyflie/crazyflie_support/src/uart_syslink.adb:50:1:Uart_Syslink	72	static
